<?xml version="1.0"?>
<link_info>
   <banner>TMS320C55x Linker PC v4.4.1</banner>
   <copyright>Copyright (c) 1996-2012 Texas Instruments Incorporated</copyright>
   <link_time>0x63a0da93</link_time>
   <output_file>w_projekat.out</output_file>
   <entry_point>
      <name>_c_int00</name>
      <address>0x24f6f</address>
   </entry_point>
   <input_file_list>
      <input_file id="fl-2">
         <path>.\</path>
         <kind>object</kind>
         <file>WAVheader.obj</file>
         <name>WAVheader.obj</name>
      </input_file>
      <input_file id="fl-3">
         <path>.\</path>
         <kind>object</kind>
         <file>aic3204.obj</file>
         <name>aic3204.obj</name>
      </input_file>
      <input_file id="fl-4">
         <path>.\</path>
         <kind>object</kind>
         <file>aic3204_init.obj</file>
         <name>aic3204_init.obj</name>
      </input_file>
      <input_file id="fl-5">
         <path>.\</path>
         <kind>object</kind>
         <file>direct_form_iir.obj</file>
         <name>direct_form_iir.obj</name>
      </input_file>
      <input_file id="fl-6">
         <path>.\</path>
         <kind>object</kind>
         <file>ezdsp5535_aic3204_dma.obj</file>
         <name>ezdsp5535_aic3204_dma.obj</name>
      </input_file>
      <input_file id="fl-7">
         <path>.\</path>
         <kind>object</kind>
         <file>fir.obj</file>
         <name>fir.obj</name>
      </input_file>
      <input_file id="fl-8">
         <path>.\</path>
         <kind>object</kind>
         <file>iir.obj</file>
         <name>iir.obj</name>
      </input_file>
      <input_file id="fl-9">
         <path>.\</path>
         <kind>object</kind>
         <file>main.obj</file>
         <name>main.obj</name>
      </input_file>
      <input_file id="fl-12">
         <path>..\lib\</path>
         <kind>archive</kind>
         <file>ezdsp5535bsl.lib</file>
         <name>ezdsp5535.obj</name>
      </input_file>
      <input_file id="fl-13">
         <path>C:\ti\ccsv6\tools\compiler\c5500_4.4.1\lib\</path>
         <kind>archive</kind>
         <file>rts55x.lib</file>
         <name>boot.obj</name>
      </input_file>
      <input_file id="fl-14">
         <path>C:\ti\ccsv6\tools\compiler\c5500_4.4.1\lib\</path>
         <kind>archive</kind>
         <file>rts55x.lib</file>
         <name>divul.obj</name>
      </input_file>
      <input_file id="fl-15">
         <path>C:\ti\ccsv6\tools\compiler\c5500_4.4.1\lib\</path>
         <kind>archive</kind>
         <file>rts55x.lib</file>
         <name>exit.obj</name>
      </input_file>
      <input_file id="fl-16">
         <path>C:\ti\ccsv6\tools\compiler\c5500_4.4.1\lib\</path>
         <kind>archive</kind>
         <file>rts55x.lib</file>
         <name>fclose.obj</name>
      </input_file>
      <input_file id="fl-17">
         <path>C:\ti\ccsv6\tools\compiler\c5500_4.4.1\lib\</path>
         <kind>archive</kind>
         <file>rts55x.lib</file>
         <name>fflush.obj</name>
      </input_file>
      <input_file id="fl-18">
         <path>C:\ti\ccsv6\tools\compiler\c5500_4.4.1\lib\</path>
         <kind>archive</kind>
         <file>rts55x.lib</file>
         <name>fopen.obj</name>
      </input_file>
      <input_file id="fl-19">
         <path>C:\ti\ccsv6\tools\compiler\c5500_4.4.1\lib\</path>
         <kind>archive</kind>
         <file>rts55x.lib</file>
         <name>fread.obj</name>
      </input_file>
      <input_file id="fl-1a">
         <path>C:\ti\ccsv6\tools\compiler\c5500_4.4.1\lib\</path>
         <kind>archive</kind>
         <file>rts55x.lib</file>
         <name>fwrite.obj</name>
      </input_file>
      <input_file id="fl-1b">
         <path>C:\ti\ccsv6\tools\compiler\c5500_4.4.1\lib\</path>
         <kind>archive</kind>
         <file>rts55x.lib</file>
         <name>lmpy.obj</name>
      </input_file>
      <input_file id="fl-1c">
         <path>C:\ti\ccsv6\tools\compiler\c5500_4.4.1\lib\</path>
         <kind>archive</kind>
         <file>rts55x.lib</file>
         <name>lowlev.obj</name>
      </input_file>
      <input_file id="fl-1d">
         <path>C:\ti\ccsv6\tools\compiler\c5500_4.4.1\lib\</path>
         <kind>archive</kind>
         <file>rts55x.lib</file>
         <name>memcpy.obj</name>
      </input_file>
      <input_file id="fl-1e">
         <path>C:\ti\ccsv6\tools\compiler\c5500_4.4.1\lib\</path>
         <kind>archive</kind>
         <file>rts55x.lib</file>
         <name>memory.obj</name>
      </input_file>
      <input_file id="fl-1f">
         <path>C:\ti\ccsv6\tools\compiler\c5500_4.4.1\lib\</path>
         <kind>archive</kind>
         <file>rts55x.lib</file>
         <name>printf.obj</name>
      </input_file>
      <input_file id="fl-20">
         <path>C:\ti\ccsv6\tools\compiler\c5500_4.4.1\lib\</path>
         <kind>archive</kind>
         <file>rts55x.lib</file>
         <name>remove.obj</name>
      </input_file>
      <input_file id="fl-21">
         <path>C:\ti\ccsv6\tools\compiler\c5500_4.4.1\lib\</path>
         <kind>archive</kind>
         <file>rts55x.lib</file>
         <name>trgdrv.obj</name>
      </input_file>
      <input_file id="fl-22">
         <path>C:\ti\ccsv6\tools\compiler\c5500_4.4.1\lib\</path>
         <kind>archive</kind>
         <file>rts55x.lib</file>
         <name>trgmsg.obj</name>
      </input_file>
      <input_file id="fl-23">
         <path>C:\ti\ccsv6\tools\compiler\c5500_4.4.1\lib\</path>
         <kind>archive</kind>
         <file>rts55x.lib</file>
         <name>udiv.obj</name>
      </input_file>
      <input_file id="fl-24">
         <path>C:\ti\ccsv6\tools\compiler\c5500_4.4.1\lib\</path>
         <kind>archive</kind>
         <file>rts55x.lib</file>
         <name>vectors.obj</name>
      </input_file>
      <input_file id="fl-25">
         <path>C:\ti\ccsv6\tools\compiler\c5500_4.4.1\lib\</path>
         <kind>archive</kind>
         <file>rts55x.lib</file>
         <name>_bufread.obj</name>
      </input_file>
      <input_file id="fl-26">
         <path>C:\ti\ccsv6\tools\compiler\c5500_4.4.1\lib\</path>
         <kind>archive</kind>
         <file>rts55x.lib</file>
         <name>_io_perm.obj</name>
      </input_file>
      <input_file id="fl-27">
         <path>C:\ti\ccsv6\tools\compiler\c5500_4.4.1\lib\</path>
         <kind>archive</kind>
         <file>rts55x.lib</file>
         <name>_lock.obj</name>
      </input_file>
      <input_file id="fl-28">
         <path>C:\ti\ccsv6\tools\compiler\c5500_4.4.1\lib\</path>
         <kind>archive</kind>
         <file>rts55x.lib</file>
         <name>_printfi.obj</name>
      </input_file>
      <input_file id="fl-29">
         <path>C:\ti\ccsv6\tools\compiler\c5500_4.4.1\lib\</path>
         <kind>archive</kind>
         <file>rts55x.lib</file>
         <name>args_main.obj</name>
      </input_file>
      <input_file id="fl-2a">
         <path>C:\ti\ccsv6\tools\compiler\c5500_4.4.1\lib\</path>
         <kind>archive</kind>
         <file>rts55x.lib</file>
         <name>atoi.obj</name>
      </input_file>
      <input_file id="fl-2b">
         <path>C:\ti\ccsv6\tools\compiler\c5500_4.4.1\lib\</path>
         <kind>archive</kind>
         <file>rts55x.lib</file>
         <name>autoinit.obj</name>
      </input_file>
      <input_file id="fl-2c">
         <path>C:\ti\ccsv6\tools\compiler\c5500_4.4.1\lib\</path>
         <kind>archive</kind>
         <file>rts55x.lib</file>
         <name>cmpd.obj</name>
      </input_file>
      <input_file id="fl-2d">
         <path>C:\ti\ccsv6\tools\compiler\c5500_4.4.1\lib\</path>
         <kind>archive</kind>
         <file>rts55x.lib</file>
         <name>ctype.obj</name>
      </input_file>
      <input_file id="fl-2e">
         <path>C:\ti\ccsv6\tools\compiler\c5500_4.4.1\lib\</path>
         <kind>archive</kind>
         <file>rts55x.lib</file>
         <name>defs.obj</name>
      </input_file>
      <input_file id="fl-2f">
         <path>C:\ti\ccsv6\tools\compiler\c5500_4.4.1\lib\</path>
         <kind>archive</kind>
         <file>rts55x.lib</file>
         <name>divd.obj</name>
      </input_file>
      <input_file id="fl-30">
         <path>C:\ti\ccsv6\tools\compiler\c5500_4.4.1\lib\</path>
         <kind>archive</kind>
         <file>rts55x.lib</file>
         <name>fixdi.obj</name>
      </input_file>
      <input_file id="fl-31">
         <path>C:\ti\ccsv6\tools\compiler\c5500_4.4.1\lib\</path>
         <kind>archive</kind>
         <file>rts55x.lib</file>
         <name>fixdli.obj</name>
      </input_file>
      <input_file id="fl-32">
         <path>C:\ti\ccsv6\tools\compiler\c5500_4.4.1\lib\</path>
         <kind>archive</kind>
         <file>rts55x.lib</file>
         <name>fltlid.obj</name>
      </input_file>
      <input_file id="fl-33">
         <path>C:\ti\ccsv6\tools\compiler\c5500_4.4.1\lib\</path>
         <kind>archive</kind>
         <file>rts55x.lib</file>
         <name>fputc.obj</name>
      </input_file>
      <input_file id="fl-34">
         <path>C:\ti\ccsv6\tools\compiler\c5500_4.4.1\lib\</path>
         <kind>archive</kind>
         <file>rts55x.lib</file>
         <name>fputs.obj</name>
      </input_file>
      <input_file id="fl-35">
         <path>C:\ti\ccsv6\tools\compiler\c5500_4.4.1\lib\</path>
         <kind>archive</kind>
         <file>rts55x.lib</file>
         <name>frcmpyd_div.obj</name>
      </input_file>
      <input_file id="fl-36">
         <path>C:\ti\ccsv6\tools\compiler\c5500_4.4.1\lib\</path>
         <kind>archive</kind>
         <file>rts55x.lib</file>
         <name>fseek.obj</name>
      </input_file>
      <input_file id="fl-37">
         <path>C:\ti\ccsv6\tools\compiler\c5500_4.4.1\lib\</path>
         <kind>archive</kind>
         <file>rts55x.lib</file>
         <name>isinf.obj</name>
      </input_file>
      <input_file id="fl-38">
         <path>C:\ti\ccsv6\tools\compiler\c5500_4.4.1\lib\</path>
         <kind>archive</kind>
         <file>rts55x.lib</file>
         <name>llmpy.obj</name>
      </input_file>
      <input_file id="fl-39">
         <path>C:\ti\ccsv6\tools\compiler\c5500_4.4.1\lib\</path>
         <kind>archive</kind>
         <file>rts55x.lib</file>
         <name>ltoa.obj</name>
      </input_file>
      <input_file id="fl-3a">
         <path>C:\ti\ccsv6\tools\compiler\c5500_4.4.1\lib\</path>
         <kind>archive</kind>
         <file>rts55x.lib</file>
         <name>memccpy.obj</name>
      </input_file>
      <input_file id="fl-3b">
         <path>C:\ti\ccsv6\tools\compiler\c5500_4.4.1\lib\</path>
         <kind>archive</kind>
         <file>rts55x.lib</file>
         <name>mpyd.obj</name>
      </input_file>
      <input_file id="fl-3c">
         <path>C:\ti\ccsv6\tools\compiler\c5500_4.4.1\lib\</path>
         <kind>archive</kind>
         <file>rts55x.lib</file>
         <name>negd.obj</name>
      </input_file>
      <input_file id="fl-3d">
         <path>C:\ti\ccsv6\tools\compiler\c5500_4.4.1\lib\</path>
         <kind>archive</kind>
         <file>rts55x.lib</file>
         <name>remli.obj</name>
      </input_file>
      <input_file id="fl-3e">
         <path>C:\ti\ccsv6\tools\compiler\c5500_4.4.1\lib\</path>
         <kind>archive</kind>
         <file>rts55x.lib</file>
         <name>remul.obj</name>
      </input_file>
      <input_file id="fl-3f">
         <path>C:\ti\ccsv6\tools\compiler\c5500_4.4.1\lib\</path>
         <kind>archive</kind>
         <file>rts55x.lib</file>
         <name>setvbuf.obj</name>
      </input_file>
      <input_file id="fl-40">
         <path>C:\ti\ccsv6\tools\compiler\c5500_4.4.1\lib\</path>
         <kind>archive</kind>
         <file>rts55x.lib</file>
         <name>subd.obj</name>
      </input_file>
      <input_file id="fl-41">
         <path>C:\ti\ccsv6\tools\compiler\c5500_4.4.1\lib\</path>
         <kind>archive</kind>
         <file>rts55x.lib</file>
         <name>addd.obj</name>
      </input_file>
      <input_file id="fl-42">
         <path>C:\ti\ccsv6\tools\compiler\c5500_4.4.1\lib\</path>
         <kind>archive</kind>
         <file>rts55x.lib</file>
         <name>divli.obj</name>
      </input_file>
      <input_file id="fl-43">
         <path>C:\ti\ccsv6\tools\compiler\c5500_4.4.1\lib\</path>
         <kind>archive</kind>
         <file>rts55x.lib</file>
         <name>frcmpyd.obj</name>
      </input_file>
   </input_file_list>
   <object_component_list>
      <object_component id="oc-aa">
         <name>.text</name>
         <load_address>0x20000</load_address>
         <run_address>0x20000</run_address>
         <size>0x15a4</size>
         <input_file_ref idref="fl-28"/>
      </object_component>
      <object_component id="oc-70">
         <name>.text</name>
         <load_address>0x215a4</load_address>
         <run_address>0x215a4</run_address>
         <size>0x543</size>
         <input_file_ref idref="fl-1c"/>
      </object_component>
      <object_component id="oc-89">
         <name>.text</name>
         <load_address>0x21ae7</load_address>
         <run_address>0x21ae7</run_address>
         <size>0x528</size>
         <input_file_ref idref="fl-21"/>
      </object_component>
      <object_component id="oc-7a">
         <name>.text</name>
         <load_address>0x2200f</load_address>
         <run_address>0x2200f</run_address>
         <size>0x4b5</size>
         <input_file_ref idref="fl-1e"/>
      </object_component>
      <object_component id="oc-c6">
         <name>.text</name>
         <load_address>0x224c4</load_address>
         <run_address>0x224c4</run_address>
         <size>0x3cc</size>
         <input_file_ref idref="fl-2f"/>
      </object_component>
      <object_component id="oc-14">
         <name>.text</name>
         <load_address>0x22890</load_address>
         <run_address>0x22890</run_address>
         <size>0x2e0</size>
         <input_file_ref idref="fl-3"/>
      </object_component>
      <object_component id="oc-35">
         <name>.text</name>
         <load_address>0x22b70</load_address>
         <run_address>0x22b70</run_address>
         <size>0x2d8</size>
         <input_file_ref idref="fl-8"/>
      </object_component>
      <object_component id="oc-5e">
         <name>.text</name>
         <load_address>0x22e48</load_address>
         <run_address>0x22e48</run_address>
         <size>0x27f</size>
         <input_file_ref idref="fl-18"/>
      </object_component>
      <object_component id="oc-ec">
         <name>.text</name>
         <load_address>0x230c7</load_address>
         <run_address>0x230c7</run_address>
         <size>0x25e</size>
         <input_file_ref idref="fl-38"/>
      </object_component>
      <object_component id="oc-110">
         <name>.text</name>
         <load_address>0x23325</load_address>
         <run_address>0x23325</run_address>
         <size>0x25a</size>
         <input_file_ref idref="fl-41"/>
      </object_component>
      <object_component id="oc-3a">
         <name>.text</name>
         <load_address>0x2357f</load_address>
         <run_address>0x2357f</run_address>
         <size>0x231</size>
         <input_file_ref idref="fl-9"/>
      </object_component>
      <object_component id="oc-68">
         <name>.text</name>
         <load_address>0x237b0</load_address>
         <run_address>0x237b0</run_address>
         <size>0x1ee</size>
         <input_file_ref idref="fl-1a"/>
      </object_component>
      <object_component id="oc-bc">
         <name>.text</name>
         <load_address>0x2399e</load_address>
         <run_address>0x2399e</run_address>
         <size>0x1ea</size>
         <input_file_ref idref="fl-2c"/>
      </object_component>
      <object_component id="oc-29">
         <name>.text</name>
         <load_address>0x23b88</load_address>
         <run_address>0x23b88</run_address>
         <size>0x1bb</size>
         <input_file_ref idref="fl-6"/>
      </object_component>
      <object_component id="oc-db">
         <name>.text</name>
         <load_address>0x23d43</load_address>
         <run_address>0x23d43</run_address>
         <size>0x163</size>
         <input_file_ref idref="fl-34"/>
      </object_component>
      <object_component id="oc-f8">
         <name>.text</name>
         <load_address>0x23ea6</load_address>
         <run_address>0x23ea6</run_address>
         <size>0x14c</size>
         <input_file_ref idref="fl-3b"/>
      </object_component>
      <object_component id="oc-24">
         <name>.text</name>
         <load_address>0x23ff2</load_address>
         <run_address>0x23ff2</run_address>
         <size>0x13c</size>
         <input_file_ref idref="fl-5"/>
      </object_component>
      <object_component id="oc-64">
         <name>.text</name>
         <load_address>0x2412e</load_address>
         <run_address>0x2412e</run_address>
         <size>0x10f</size>
         <input_file_ref idref="fl-19"/>
      </object_component>
      <object_component id="oc-108">
         <name>.text</name>
         <load_address>0x2423d</load_address>
         <run_address>0x2423d</run_address>
         <size>0xe6</size>
         <input_file_ref idref="fl-3f"/>
      </object_component>
      <object_component id="oc-a0">
         <name>.text</name>
         <load_address>0x24323</load_address>
         <run_address>0x24323</run_address>
         <size>0xdd</size>
         <input_file_ref idref="fl-26"/>
      </object_component>
      <object_component id="oc-1c">
         <name>.text</name>
         <load_address>0x24400</load_address>
         <run_address>0x24400</run_address>
         <size>0xd8</size>
         <input_file_ref idref="fl-4"/>
      </object_component>
      <object_component id="oc-5a">
         <name>.text</name>
         <load_address>0x244d8</load_address>
         <run_address>0x244d8</run_address>
         <size>0xc2</size>
         <input_file_ref idref="fl-17"/>
      </object_component>
      <object_component id="oc-91">
         <name>.text:CIO_breakpoint</name>
         <load_address>0x2459a</load_address>
         <run_address>0x2459a</run_address>
         <size>0xba</size>
         <input_file_ref idref="fl-22"/>
      </object_component>
      <object_component id="oc-9c">
         <name>.text</name>
         <load_address>0x24654</load_address>
         <run_address>0x24654</run_address>
         <size>0xae</size>
         <input_file_ref idref="fl-25"/>
      </object_component>
      <object_component id="oc-d7">
         <name>.text</name>
         <load_address>0x24702</load_address>
         <run_address>0x24702</run_address>
         <size>0xa6</size>
         <input_file_ref idref="fl-33"/>
      </object_component>
      <object_component id="oc-4b">
         <name>.text</name>
         <load_address>0x247a8</load_address>
         <run_address>0x247a8</run_address>
         <size>0xa1</size>
         <input_file_ref idref="fl-14"/>
      </object_component>
      <object_component id="oc-30">
         <name>.text</name>
         <load_address>0x24849</load_address>
         <run_address>0x24849</run_address>
         <size>0x7d</size>
         <input_file_ref idref="fl-7"/>
      </object_component>
      <object_component id="oc-f0">
         <name>.text</name>
         <load_address>0x248c6</load_address>
         <run_address>0x248c6</run_address>
         <size>0x7d</size>
         <input_file_ref idref="fl-39"/>
      </object_component>
      <object_component id="oc-56">
         <name>.text</name>
         <load_address>0x24943</load_address>
         <run_address>0x24943</run_address>
         <size>0x7b</size>
         <input_file_ref idref="fl-16"/>
      </object_component>
      <object_component id="oc-118">
         <name>.text</name>
         <load_address>0x249be</load_address>
         <run_address>0x249be</run_address>
         <size>0x76</size>
         <input_file_ref idref="fl-43"/>
      </object_component>
      <object_component id="oc-e0">
         <name>.text</name>
         <load_address>0x24a34</load_address>
         <run_address>0x24a34</run_address>
         <size>0x73</size>
         <input_file_ref idref="fl-35"/>
      </object_component>
      <object_component id="oc-104">
         <name>.text</name>
         <load_address>0x24aa7</load_address>
         <run_address>0x24aa7</run_address>
         <size>0x72</size>
         <input_file_ref idref="fl-3e"/>
      </object_component>
      <object_component id="oc-ce">
         <name>.text</name>
         <load_address>0x24b19</load_address>
         <run_address>0x24b19</run_address>
         <size>0x6f</size>
         <input_file_ref idref="fl-31"/>
      </object_component>
      <object_component id="oc-8e">
         <name>.text</name>
         <load_address>0x24b88</load_address>
         <run_address>0x24b88</run_address>
         <size>0x6d</size>
         <input_file_ref idref="fl-22"/>
      </object_component>
      <object_component id="oc-e4">
         <name>.text</name>
         <load_address>0x24bf5</load_address>
         <run_address>0x24bf5</run_address>
         <size>0x6b</size>
         <input_file_ref idref="fl-36"/>
      </object_component>
      <object_component id="oc-d2">
         <name>.text</name>
         <load_address>0x24c60</load_address>
         <run_address>0x24c60</run_address>
         <size>0x67</size>
         <input_file_ref idref="fl-32"/>
      </object_component>
      <object_component id="oc-b4">
         <name>.text</name>
         <load_address>0x24cc7</load_address>
         <run_address>0x24cc7</run_address>
         <size>0x5c</size>
         <input_file_ref idref="fl-2a"/>
      </object_component>
      <object_component id="oc-42">
         <name>.text</name>
         <load_address>0x24d23</load_address>
         <run_address>0x24d23</run_address>
         <size>0x54</size>
         <input_file_ref idref="fl-12"/>
      </object_component>
      <object_component id="oc-81">
         <name>.text</name>
         <load_address>0x24d77</load_address>
         <run_address>0x24d77</run_address>
         <size>0x50</size>
         <input_file_ref idref="fl-1f"/>
      </object_component>
      <object_component id="oc-b8">
         <name>.text</name>
         <load_address>0x24dc7</load_address>
         <run_address>0x24dc7</run_address>
         <size>0x4d</size>
         <input_file_ref idref="fl-2b"/>
      </object_component>
      <object_component id="oc-b0">
         <name>.text</name>
         <load_address>0x24e14</load_address>
         <run_address>0x24e14</run_address>
         <size>0x4b</size>
         <input_file_ref idref="fl-29"/>
      </object_component>
      <object_component id="oc-100">
         <name>.text</name>
         <load_address>0x24e5f</load_address>
         <run_address>0x24e5f</run_address>
         <size>0x4b</size>
         <input_file_ref idref="fl-3d"/>
      </object_component>
      <object_component id="oc-114">
         <name>.text</name>
         <load_address>0x24eaa</load_address>
         <run_address>0x24eaa</run_address>
         <size>0x48</size>
         <input_file_ref idref="fl-42"/>
      </object_component>
      <object_component id="oc-76">
         <name>.text</name>
         <load_address>0x24ef2</load_address>
         <run_address>0x24ef2</run_address>
         <size>0x3f</size>
         <input_file_ref idref="fl-1d"/>
      </object_component>
      <object_component id="oc-4f">
         <name>.text</name>
         <load_address>0x24f31</load_address>
         <run_address>0x24f31</run_address>
         <size>0x3e</size>
         <input_file_ref idref="fl-15"/>
      </object_component>
      <object_component id="oc-10">
         <name>.text</name>
         <load_address>0x24f6f</load_address>
         <run_address>0x24f6f</run_address>
         <size>0x34</size>
         <input_file_ref idref="fl-13"/>
      </object_component>
      <object_component id="oc-ca">
         <name>.text</name>
         <load_address>0x24fa3</load_address>
         <run_address>0x24fa3</run_address>
         <size>0x2a</size>
         <input_file_ref idref="fl-30"/>
      </object_component>
      <object_component id="oc-94">
         <name>.text</name>
         <load_address>0x24fcd</load_address>
         <run_address>0x24fcd</run_address>
         <size>0x2a</size>
         <input_file_ref idref="fl-23"/>
      </object_component>
      <object_component id="oc-f4">
         <name>.text</name>
         <load_address>0x24ff7</load_address>
         <run_address>0x24ff7</run_address>
         <size>0x23</size>
         <input_file_ref idref="fl-3a"/>
      </object_component>
      <object_component id="oc-e8">
         <name>.text</name>
         <load_address>0x2501a</load_address>
         <run_address>0x2501a</run_address>
         <size>0x1a</size>
         <input_file_ref idref="fl-37"/>
      </object_component>
      <object_component id="oc-10c">
         <name>.text</name>
         <load_address>0x25034</load_address>
         <run_address>0x25034</run_address>
         <size>0x14</size>
         <input_file_ref idref="fl-40"/>
      </object_component>
      <object_component id="oc-6c">
         <name>.text</name>
         <load_address>0x25048</load_address>
         <run_address>0x25048</run_address>
         <size>0x13</size>
         <input_file_ref idref="fl-1b"/>
      </object_component>
      <object_component id="oc-a4">
         <name>.text</name>
         <load_address>0x2505b</load_address>
         <run_address>0x2505b</run_address>
         <size>0x12</size>
         <input_file_ref idref="fl-27"/>
      </object_component>
      <object_component id="oc-fc">
         <name>.text</name>
         <load_address>0x2506d</load_address>
         <run_address>0x2506d</run_address>
         <size>0x10</size>
         <input_file_ref idref="fl-3c"/>
      </object_component>
      <object_component id="oc-85">
         <name>.text</name>
         <load_address>0x2507d</load_address>
         <run_address>0x2507d</run_address>
         <size>0xa</size>
         <input_file_ref idref="fl-20"/>
      </object_component>
      <object_component id="oc-53">
         <name>.text:CIO_breakpoint</name>
         <load_address>0x25087</load_address>
         <run_address>0x25087</run_address>
         <size>0x7</size>
         <input_file_ref idref="fl-15"/>
      </object_component>
      <object_component id="oc-98">
         <name>.text</name>
         <load_address>0x2508e</load_address>
         <run_address>0x2508e</run_address>
         <size>0x2</size>
         <input_file_ref idref="fl-24"/>
      </object_component>
      <object_component id="oc-47">
         <name>.stack</name>
         <uninitialized>true</uninitialized>
         <run_address>0xc0</run_address>
         <size>0x0</size>
         <input_file_ref idref="fl-13"/>
      </object_component>
      <object_component id="oc-136">
         <name>.stack</name>
         <uninitialized>true</uninitialized>
         <run_address>0xc0</run_address>
         <size>0x0</size>
      </object_component>
      <object_component id="oc-11c">
         <name>.sysstack</name>
         <uninitialized>true</uninitialized>
         <run_address>0x20c0</run_address>
         <size>0x0</size>
         <input_file_ref idref="fl-13"/>
      </object_component>
      <object_component id="oc-138">
         <name>.sysstack</name>
         <uninitialized>true</uninitialized>
         <run_address>0x20c0</run_address>
         <size>0x0</size>
      </object_component>
      <object_component id="oc-3b">
         <name>.bss</name>
         <uninitialized>true</uninitialized>
         <run_address>0x50c0</run_address>
         <size>0xbcc</size>
         <input_file_ref idref="fl-9"/>
      </object_component>
      <object_component id="oc-5f">
         <name>.bss</name>
         <uninitialized>true</uninitialized>
         <run_address>0x5c8c</run_address>
         <size>0x2</size>
         <input_file_ref idref="fl-18"/>
      </object_component>
      <object_component id="oc-2a">
         <name>.bss</name>
         <uninitialized>true</uninitialized>
         <run_address>0x5c90</run_address>
         <size>0x800</size>
         <input_file_ref idref="fl-6"/>
      </object_component>
      <object_component id="oc-c2">
         <name>.bss</name>
         <uninitialized>true</uninitialized>
         <run_address>0x6490</run_address>
         <size>0x232</size>
         <input_file_ref idref="fl-2e"/>
      </object_component>
      <object_component id="oc-8a">
         <name>.bss</name>
         <uninitialized>true</uninitialized>
         <run_address>0x66c2</run_address>
         <size>0x1a0</size>
         <input_file_ref idref="fl-21"/>
      </object_component>
      <object_component id="oc-71">
         <name>.bss</name>
         <uninitialized>true</uninitialized>
         <run_address>0x6864</run_address>
         <size>0xe2</size>
         <input_file_ref idref="fl-1c"/>
      </object_component>
      <object_component id="oc-7b">
         <name>.bss</name>
         <uninitialized>true</uninitialized>
         <run_address>0x6948</run_address>
         <size>0xc</size>
         <input_file_ref idref="fl-1e"/>
      </object_component>
      <object_component id="oc-15">
         <name>.bss</name>
         <uninitialized>true</uninitialized>
         <run_address>0x6954</run_address>
         <size>0xa</size>
         <input_file_ref idref="fl-3"/>
      </object_component>
      <object_component id="oc-1d">
         <name>.bss</name>
         <uninitialized>true</uninitialized>
         <run_address>0x6960</run_address>
         <size>0x8</size>
         <input_file_ref idref="fl-4"/>
      </object_component>
      <object_component id="oc-a5">
         <name>.bss</name>
         <uninitialized>true</uninitialized>
         <run_address>0x6968</run_address>
         <size>0x8</size>
         <input_file_ref idref="fl-27"/>
      </object_component>
      <object_component id="oc-50">
         <name>.bss</name>
         <uninitialized>true</uninitialized>
         <run_address>0x6970</run_address>
         <size>0x8</size>
         <input_file_ref idref="fl-15"/>
      </object_component>
      <object_component id="oc-11d">
         <name>.const:__ctypes_</name>
         <load_address>0x6978</load_address>
         <run_address>0x6978</run_address>
         <size>0x202</size>
         <input_file_ref idref="fl-2d"/>
      </object_component>
      <object_component id="oc-20">
         <name>.const:.string</name>
         <load_address>0x6b7c</load_address>
         <run_address>0x6b7c</run_address>
         <size>0xee</size>
         <input_file_ref idref="fl-4"/>
      </object_component>
      <object_component id="oc-3e">
         <name>.const:.string</name>
         <load_address>0x6c6c</load_address>
         <run_address>0x6c6c</run_address>
         <size>0xa2</size>
         <input_file_ref idref="fl-9"/>
      </object_component>
      <object_component id="oc-18">
         <name>.const:.string</name>
         <load_address>0x6d10</load_address>
         <run_address>0x6d10</run_address>
         <size>0x74</size>
         <input_file_ref idref="fl-3"/>
      </object_component>
      <object_component id="oc-2c">
         <name>.const:.string</name>
         <load_address>0x6d84</load_address>
         <run_address>0x6d84</run_address>
         <size>0x72</size>
         <input_file_ref idref="fl-6"/>
      </object_component>
      <object_component id="oc-ad">
         <name>.const:.string</name>
         <load_address>0x6df8</load_address>
         <run_address>0x6df8</run_address>
         <size>0x48</size>
         <input_file_ref idref="fl-28"/>
      </object_component>
      <object_component id="oc-ac">
         <name>.const</name>
         <load_address>0x6e40</load_address>
         <run_address>0x6e40</run_address>
         <size>0x18</size>
         <input_file_ref idref="fl-28"/>
      </object_component>
      <object_component id="oc-11e">
         <name>.const:_initial_approx$1</name>
         <load_address>0x6e58</load_address>
         <run_address>0x6e58</run_address>
         <size>0x10</size>
         <input_file_ref idref="fl-2f"/>
      </object_component>
      <object_component id="oc-dd">
         <name>.const:.string</name>
         <load_address>0x6e68</load_address>
         <run_address>0x6e68</run_address>
         <size>0x4</size>
         <input_file_ref idref="fl-34"/>
      </object_component>
      <object_component id="oc-d4">
         <name>.const</name>
         <load_address>0x6e6c</load_address>
         <run_address>0x6e6c</run_address>
         <size>0x4</size>
         <input_file_ref idref="fl-32"/>
      </object_component>
      <object_component id="oc-7e">
         <name>.sysmem</name>
         <uninitialized>true</uninitialized>
         <run_address>0x30c0</run_address>
         <size>0x0</size>
         <input_file_ref idref="fl-1e"/>
      </object_component>
      <object_component id="oc-137">
         <name>.sysmem</name>
         <uninitialized>true</uninitialized>
         <run_address>0x30c0</run_address>
         <size>0x0</size>
      </object_component>
      <object_component id="oc-3d">
         <name>.cinit</name>
         <load_address>0x40000</load_address>
         <run_address>0x40000</run_address>
         <size>0x24e</size>
         <input_file_ref idref="fl-9"/>
      </object_component>
      <object_component id="oc-73">
         <name>.cinit</name>
         <load_address>0x4024e</load_address>
         <run_address>0x4024e</run_address>
         <size>0x5a</size>
         <input_file_ref idref="fl-1c"/>
      </object_component>
      <object_component id="oc-c4">
         <name>.cinit</name>
         <load_address>0x402a8</load_address>
         <run_address>0x402a8</run_address>
         <size>0x54</size>
         <input_file_ref idref="fl-2e"/>
      </object_component>
      <object_component id="oc-1f">
         <name>.cinit</name>
         <load_address>0x402fc</load_address>
         <run_address>0x402fc</run_address>
         <size>0x14</size>
         <input_file_ref idref="fl-4"/>
      </object_component>
      <object_component id="oc-a7">
         <name>.cinit</name>
         <load_address>0x40310</load_address>
         <run_address>0x40310</run_address>
         <size>0x14</size>
         <input_file_ref idref="fl-27"/>
      </object_component>
      <object_component id="oc-52">
         <name>.cinit</name>
         <load_address>0x40324</load_address>
         <run_address>0x40324</run_address>
         <size>0x14</size>
         <input_file_ref idref="fl-15"/>
      </object_component>
      <object_component id="oc-17">
         <name>.cinit</name>
         <load_address>0x40338</load_address>
         <run_address>0x40338</run_address>
         <size>0x8</size>
         <input_file_ref idref="fl-3"/>
      </object_component>
      <object_component id="oc-61">
         <name>.cinit</name>
         <load_address>0x40340</load_address>
         <run_address>0x40340</run_address>
         <size>0x8</size>
         <input_file_ref idref="fl-18"/>
      </object_component>
      <object_component id="oc-7d">
         <name>.cinit</name>
         <load_address>0x40348</load_address>
         <run_address>0x40348</run_address>
         <size>0x8</size>
         <input_file_ref idref="fl-1e"/>
      </object_component>
      <object_component id="oc-90">
         <name>.cio</name>
         <uninitialized>true</uninitialized>
         <run_address>0x40358</run_address>
         <size>0x240</size>
         <input_file_ref idref="fl-22"/>
      </object_component>
      <object_component id="oc-11">
         <name>vectors</name>
         <load_address>0x4fe00</load_address>
         <run_address>0x4fe00</run_address>
         <size>0x100</size>
         <input_file_ref idref="fl-24"/>
      </object_component>
      <object_component id="oc-12">
         <name>.debug_info</name>
         <load_address>0x0</load_address>
         <run_address>0x0</run_address>
         <size>0x761</size>
         <input_file_ref idref="fl-2"/>
      </object_component>
      <object_component id="oc-16">
         <name>.debug_info</name>
         <load_address>0x761</load_address>
         <run_address>0x761</run_address>
         <size>0x116c</size>
         <input_file_ref idref="fl-3"/>
      </object_component>
      <object_component id="oc-1e">
         <name>.debug_info</name>
         <load_address>0x18cd</load_address>
         <run_address>0x18cd</run_address>
         <size>0x90e</size>
         <input_file_ref idref="fl-4"/>
      </object_component>
      <object_component id="oc-25">
         <name>.debug_info</name>
         <load_address>0x21db</load_address>
         <run_address>0x21db</run_address>
         <size>0xc1b</size>
         <input_file_ref idref="fl-5"/>
      </object_component>
      <object_component id="oc-2b">
         <name>.debug_info</name>
         <load_address>0x2df6</load_address>
         <run_address>0x2df6</run_address>
         <size>0xb79</size>
         <input_file_ref idref="fl-6"/>
      </object_component>
      <object_component id="oc-31">
         <name>.debug_info</name>
         <load_address>0x396f</load_address>
         <run_address>0x396f</run_address>
         <size>0x838</size>
         <input_file_ref idref="fl-7"/>
      </object_component>
      <object_component id="oc-36">
         <name>.debug_info</name>
         <load_address>0x41a7</load_address>
         <run_address>0x41a7</run_address>
         <size>0x9c6</size>
         <input_file_ref idref="fl-8"/>
      </object_component>
      <object_component id="oc-3c">
         <name>.debug_info</name>
         <load_address>0x4b6d</load_address>
         <run_address>0x4b6d</run_address>
         <size>0x1353</size>
         <input_file_ref idref="fl-9"/>
      </object_component>
      <object_component id="oc-43">
         <name>.debug_info</name>
         <load_address>0x5ec0</load_address>
         <run_address>0x5ec0</run_address>
         <size>0x5896</size>
         <input_file_ref idref="fl-12"/>
      </object_component>
      <object_component id="oc-48">
         <name>.debug_info</name>
         <load_address>0xb756</load_address>
         <run_address>0xb756</run_address>
         <size>0xe8</size>
         <input_file_ref idref="fl-13"/>
      </object_component>
      <object_component id="oc-4c">
         <name>.debug_info</name>
         <load_address>0xb83e</load_address>
         <run_address>0xb83e</run_address>
         <size>0x534</size>
         <input_file_ref idref="fl-14"/>
      </object_component>
      <object_component id="oc-51">
         <name>.debug_info</name>
         <load_address>0xbd72</load_address>
         <run_address>0xbd72</run_address>
         <size>0x5fb</size>
         <input_file_ref idref="fl-15"/>
      </object_component>
      <object_component id="oc-57">
         <name>.debug_info</name>
         <load_address>0xc36d</load_address>
         <run_address>0xc36d</run_address>
         <size>0x64f</size>
         <input_file_ref idref="fl-16"/>
      </object_component>
      <object_component id="oc-5b">
         <name>.debug_info</name>
         <load_address>0xc9bc</load_address>
         <run_address>0xc9bc</run_address>
         <size>0x706</size>
         <input_file_ref idref="fl-17"/>
      </object_component>
      <object_component id="oc-60">
         <name>.debug_info</name>
         <load_address>0xd0c2</load_address>
         <run_address>0xd0c2</run_address>
         <size>0xa1c</size>
         <input_file_ref idref="fl-18"/>
      </object_component>
      <object_component id="oc-65">
         <name>.debug_info</name>
         <load_address>0xdade</load_address>
         <run_address>0xdade</run_address>
         <size>0x762</size>
         <input_file_ref idref="fl-19"/>
      </object_component>
      <object_component id="oc-69">
         <name>.debug_info</name>
         <load_address>0xe240</load_address>
         <run_address>0xe240</run_address>
         <size>0x8f7</size>
         <input_file_ref idref="fl-1a"/>
      </object_component>
      <object_component id="oc-6d">
         <name>.debug_info</name>
         <load_address>0xeb37</load_address>
         <run_address>0xeb37</run_address>
         <size>0xbd</size>
         <input_file_ref idref="fl-1b"/>
      </object_component>
      <object_component id="oc-72">
         <name>.debug_info</name>
         <load_address>0xebf4</load_address>
         <run_address>0xebf4</run_address>
         <size>0x144b</size>
         <input_file_ref idref="fl-1c"/>
      </object_component>
      <object_component id="oc-77">
         <name>.debug_info</name>
         <load_address>0x1003f</load_address>
         <run_address>0x1003f</run_address>
         <size>0xd1</size>
         <input_file_ref idref="fl-1d"/>
      </object_component>
      <object_component id="oc-7c">
         <name>.debug_info</name>
         <load_address>0x10110</load_address>
         <run_address>0x10110</run_address>
         <size>0xb97</size>
         <input_file_ref idref="fl-1e"/>
      </object_component>
      <object_component id="oc-82">
         <name>.debug_info</name>
         <load_address>0x10ca7</load_address>
         <run_address>0x10ca7</run_address>
         <size>0x76c</size>
         <input_file_ref idref="fl-1f"/>
      </object_component>
      <object_component id="oc-86">
         <name>.debug_info</name>
         <load_address>0x11413</load_address>
         <run_address>0x11413</run_address>
         <size>0x510</size>
         <input_file_ref idref="fl-20"/>
      </object_component>
      <object_component id="oc-8b">
         <name>.debug_info</name>
         <load_address>0x11923</load_address>
         <run_address>0x11923</run_address>
         <size>0xed4</size>
         <input_file_ref idref="fl-21"/>
      </object_component>
      <object_component id="oc-8f">
         <name>.debug_info</name>
         <load_address>0x127f7</load_address>
         <run_address>0x127f7</run_address>
         <size>0x744</size>
         <input_file_ref idref="fl-22"/>
      </object_component>
      <object_component id="oc-95">
         <name>.debug_info</name>
         <load_address>0x12f3b</load_address>
         <run_address>0x12f3b</run_address>
         <size>0xef</size>
         <input_file_ref idref="fl-23"/>
      </object_component>
      <object_component id="oc-99">
         <name>.debug_info</name>
         <load_address>0x1302a</load_address>
         <run_address>0x1302a</run_address>
         <size>0xbc</size>
         <input_file_ref idref="fl-24"/>
      </object_component>
      <object_component id="oc-9d">
         <name>.debug_info</name>
         <load_address>0x130e6</load_address>
         <run_address>0x130e6</run_address>
         <size>0x6b8</size>
         <input_file_ref idref="fl-25"/>
      </object_component>
      <object_component id="oc-a1">
         <name>.debug_info</name>
         <load_address>0x1379e</load_address>
         <run_address>0x1379e</run_address>
         <size>0x662</size>
         <input_file_ref idref="fl-26"/>
      </object_component>
      <object_component id="oc-a6">
         <name>.debug_info</name>
         <load_address>0x13e00</load_address>
         <run_address>0x13e00</run_address>
         <size>0x5bc</size>
         <input_file_ref idref="fl-27"/>
      </object_component>
      <object_component id="oc-ab">
         <name>.debug_info</name>
         <load_address>0x143bc</load_address>
         <run_address>0x143bc</run_address>
         <size>0x27bd</size>
         <input_file_ref idref="fl-28"/>
      </object_component>
      <object_component id="oc-b1">
         <name>.debug_info</name>
         <load_address>0x16b79</load_address>
         <run_address>0x16b79</run_address>
         <size>0x586</size>
         <input_file_ref idref="fl-29"/>
      </object_component>
      <object_component id="oc-b5">
         <name>.debug_info</name>
         <load_address>0x170ff</load_address>
         <run_address>0x170ff</run_address>
         <size>0x5a4</size>
         <input_file_ref idref="fl-2a"/>
      </object_component>
      <object_component id="oc-b9">
         <name>.debug_info</name>
         <load_address>0x176a3</load_address>
         <run_address>0x176a3</run_address>
         <size>0xcd</size>
         <input_file_ref idref="fl-2b"/>
      </object_component>
      <object_component id="oc-bd">
         <name>.debug_info</name>
         <load_address>0x17770</load_address>
         <run_address>0x17770</run_address>
         <size>0x81f</size>
         <input_file_ref idref="fl-2c"/>
      </object_component>
      <object_component id="oc-c0">
         <name>.debug_info</name>
         <load_address>0x17f8f</load_address>
         <run_address>0x17f8f</run_address>
         <size>0x498</size>
         <input_file_ref idref="fl-2d"/>
      </object_component>
      <object_component id="oc-c3">
         <name>.debug_info</name>
         <load_address>0x18427</load_address>
         <run_address>0x18427</run_address>
         <size>0x57e</size>
         <input_file_ref idref="fl-2e"/>
      </object_component>
      <object_component id="oc-c7">
         <name>.debug_info</name>
         <load_address>0x189a5</load_address>
         <run_address>0x189a5</run_address>
         <size>0x7e8</size>
         <input_file_ref idref="fl-2f"/>
      </object_component>
      <object_component id="oc-cb">
         <name>.debug_info</name>
         <load_address>0x1918d</load_address>
         <run_address>0x1918d</run_address>
         <size>0x4cf</size>
         <input_file_ref idref="fl-30"/>
      </object_component>
      <object_component id="oc-cf">
         <name>.debug_info</name>
         <load_address>0x1965c</load_address>
         <run_address>0x1965c</run_address>
         <size>0x534</size>
         <input_file_ref idref="fl-31"/>
      </object_component>
      <object_component id="oc-d3">
         <name>.debug_info</name>
         <load_address>0x19b90</load_address>
         <run_address>0x19b90</run_address>
         <size>0x549</size>
         <input_file_ref idref="fl-32"/>
      </object_component>
      <object_component id="oc-d8">
         <name>.debug_info</name>
         <load_address>0x1a0d9</load_address>
         <run_address>0x1a0d9</run_address>
         <size>0x6aa</size>
         <input_file_ref idref="fl-33"/>
      </object_component>
      <object_component id="oc-dc">
         <name>.debug_info</name>
         <load_address>0x1a783</load_address>
         <run_address>0x1a783</run_address>
         <size>0x942</size>
         <input_file_ref idref="fl-34"/>
      </object_component>
      <object_component id="oc-e1">
         <name>.debug_info</name>
         <load_address>0x1b0c5</load_address>
         <run_address>0x1b0c5</run_address>
         <size>0x53e</size>
         <input_file_ref idref="fl-35"/>
      </object_component>
      <object_component id="oc-e5">
         <name>.debug_info</name>
         <load_address>0x1b603</load_address>
         <run_address>0x1b603</run_address>
         <size>0x5f7</size>
         <input_file_ref idref="fl-36"/>
      </object_component>
      <object_component id="oc-e9">
         <name>.debug_info</name>
         <load_address>0x1bbfa</load_address>
         <run_address>0x1bbfa</run_address>
         <size>0x680</size>
         <input_file_ref idref="fl-37"/>
      </object_component>
      <object_component id="oc-ed">
         <name>.debug_info</name>
         <load_address>0x1c27a</load_address>
         <run_address>0x1c27a</run_address>
         <size>0x7d4</size>
         <input_file_ref idref="fl-38"/>
      </object_component>
      <object_component id="oc-f1">
         <name>.debug_info</name>
         <load_address>0x1ca4e</load_address>
         <run_address>0x1ca4e</run_address>
         <size>0x5ad</size>
         <input_file_ref idref="fl-39"/>
      </object_component>
      <object_component id="oc-f5">
         <name>.debug_info</name>
         <load_address>0x1cffb</load_address>
         <run_address>0x1cffb</run_address>
         <size>0x574</size>
         <input_file_ref idref="fl-3a"/>
      </object_component>
      <object_component id="oc-f9">
         <name>.debug_info</name>
         <load_address>0x1d56f</load_address>
         <run_address>0x1d56f</run_address>
         <size>0x55b</size>
         <input_file_ref idref="fl-3b"/>
      </object_component>
      <object_component id="oc-fd">
         <name>.debug_info</name>
         <load_address>0x1daca</load_address>
         <run_address>0x1daca</run_address>
         <size>0x4b7</size>
         <input_file_ref idref="fl-3c"/>
      </object_component>
      <object_component id="oc-101">
         <name>.debug_info</name>
         <load_address>0x1df81</load_address>
         <run_address>0x1df81</run_address>
         <size>0x4f2</size>
         <input_file_ref idref="fl-3d"/>
      </object_component>
      <object_component id="oc-105">
         <name>.debug_info</name>
         <load_address>0x1e473</load_address>
         <run_address>0x1e473</run_address>
         <size>0x534</size>
         <input_file_ref idref="fl-3e"/>
      </object_component>
      <object_component id="oc-109">
         <name>.debug_info</name>
         <load_address>0x1e9a7</load_address>
         <run_address>0x1e9a7</run_address>
         <size>0x64a</size>
         <input_file_ref idref="fl-3f"/>
      </object_component>
      <object_component id="oc-10d">
         <name>.debug_info</name>
         <load_address>0x1eff1</load_address>
         <run_address>0x1eff1</run_address>
         <size>0x4de</size>
         <input_file_ref idref="fl-40"/>
      </object_component>
      <object_component id="oc-111">
         <name>.debug_info</name>
         <load_address>0x1f4cf</load_address>
         <run_address>0x1f4cf</run_address>
         <size>0x5ab</size>
         <input_file_ref idref="fl-41"/>
      </object_component>
      <object_component id="oc-115">
         <name>.debug_info</name>
         <load_address>0x1fa7a</load_address>
         <run_address>0x1fa7a</run_address>
         <size>0x4f2</size>
         <input_file_ref idref="fl-42"/>
      </object_component>
      <object_component id="oc-119">
         <name>.debug_info</name>
         <load_address>0x1ff6c</load_address>
         <run_address>0x1ff6c</run_address>
         <size>0x4d2</size>
         <input_file_ref idref="fl-43"/>
      </object_component>
      <object_component id="oc-145">
         <name>.debug_info</name>
         <load_address>0x2043e</load_address>
         <run_address>0x2043e</run_address>
         <size>0x6e</size>
      </object_component>
      <object_component id="oc-13">
         <name>.debug_abbrev</name>
         <load_address>0x0</load_address>
         <run_address>0x0</run_address>
         <size>0x8c</size>
         <input_file_ref idref="fl-2"/>
      </object_component>
      <object_component id="oc-1b">
         <name>.debug_abbrev</name>
         <load_address>0x8c</load_address>
         <run_address>0x8c</run_address>
         <size>0x16d</size>
         <input_file_ref idref="fl-3"/>
      </object_component>
      <object_component id="oc-23">
         <name>.debug_abbrev</name>
         <load_address>0x1f9</load_address>
         <run_address>0x1f9</run_address>
         <size>0x121</size>
         <input_file_ref idref="fl-4"/>
      </object_component>
      <object_component id="oc-28">
         <name>.debug_abbrev</name>
         <load_address>0x31a</load_address>
         <run_address>0x31a</run_address>
         <size>0xdd</size>
         <input_file_ref idref="fl-5"/>
      </object_component>
      <object_component id="oc-2f">
         <name>.debug_abbrev</name>
         <load_address>0x3f7</load_address>
         <run_address>0x3f7</run_address>
         <size>0x147</size>
         <input_file_ref idref="fl-6"/>
      </object_component>
      <object_component id="oc-34">
         <name>.debug_abbrev</name>
         <load_address>0x53e</load_address>
         <run_address>0x53e</run_address>
         <size>0xcf</size>
         <input_file_ref idref="fl-7"/>
      </object_component>
      <object_component id="oc-39">
         <name>.debug_abbrev</name>
         <load_address>0x60d</load_address>
         <run_address>0x60d</run_address>
         <size>0xe1</size>
         <input_file_ref idref="fl-8"/>
      </object_component>
      <object_component id="oc-41">
         <name>.debug_abbrev</name>
         <load_address>0x6ee</load_address>
         <run_address>0x6ee</run_address>
         <size>0x13d</size>
         <input_file_ref idref="fl-9"/>
      </object_component>
      <object_component id="oc-46">
         <name>.debug_abbrev</name>
         <load_address>0x82b</load_address>
         <run_address>0x82b</run_address>
         <size>0x198</size>
         <input_file_ref idref="fl-12"/>
      </object_component>
      <object_component id="oc-4a">
         <name>.debug_abbrev</name>
         <load_address>0x9c3</load_address>
         <run_address>0x9c3</run_address>
         <size>0x3a</size>
         <input_file_ref idref="fl-13"/>
      </object_component>
      <object_component id="oc-4e">
         <name>.debug_abbrev</name>
         <load_address>0x9fd</load_address>
         <run_address>0x9fd</run_address>
         <size>0xb5</size>
         <input_file_ref idref="fl-14"/>
      </object_component>
      <object_component id="oc-55">
         <name>.debug_abbrev</name>
         <load_address>0xab2</load_address>
         <run_address>0xab2</run_address>
         <size>0xf7</size>
         <input_file_ref idref="fl-15"/>
      </object_component>
      <object_component id="oc-59">
         <name>.debug_abbrev</name>
         <load_address>0xba9</load_address>
         <run_address>0xba9</run_address>
         <size>0x118</size>
         <input_file_ref idref="fl-16"/>
      </object_component>
      <object_component id="oc-5d">
         <name>.debug_abbrev</name>
         <load_address>0xcc1</load_address>
         <run_address>0xcc1</run_address>
         <size>0x136</size>
         <input_file_ref idref="fl-17"/>
      </object_component>
      <object_component id="oc-63">
         <name>.debug_abbrev</name>
         <load_address>0xdf7</load_address>
         <run_address>0xdf7</run_address>
         <size>0x1a2</size>
         <input_file_ref idref="fl-18"/>
      </object_component>
      <object_component id="oc-67">
         <name>.debug_abbrev</name>
         <load_address>0xf99</load_address>
         <run_address>0xf99</run_address>
         <size>0x111</size>
         <input_file_ref idref="fl-19"/>
      </object_component>
      <object_component id="oc-6b">
         <name>.debug_abbrev</name>
         <load_address>0x10aa</load_address>
         <run_address>0x10aa</run_address>
         <size>0x11e</size>
         <input_file_ref idref="fl-1a"/>
      </object_component>
      <object_component id="oc-6f">
         <name>.debug_abbrev</name>
         <load_address>0x11c8</load_address>
         <run_address>0x11c8</run_address>
         <size>0x38</size>
         <input_file_ref idref="fl-1b"/>
      </object_component>
      <object_component id="oc-75">
         <name>.debug_abbrev</name>
         <load_address>0x1200</load_address>
         <run_address>0x1200</run_address>
         <size>0x225</size>
         <input_file_ref idref="fl-1c"/>
      </object_component>
      <object_component id="oc-79">
         <name>.debug_abbrev</name>
         <load_address>0x1425</load_address>
         <run_address>0x1425</run_address>
         <size>0x38</size>
         <input_file_ref idref="fl-1d"/>
      </object_component>
      <object_component id="oc-80">
         <name>.debug_abbrev</name>
         <load_address>0x145d</load_address>
         <run_address>0x145d</run_address>
         <size>0x1de</size>
         <input_file_ref idref="fl-1e"/>
      </object_component>
      <object_component id="oc-84">
         <name>.debug_abbrev</name>
         <load_address>0x163b</load_address>
         <run_address>0x163b</run_address>
         <size>0x145</size>
         <input_file_ref idref="fl-1f"/>
      </object_component>
      <object_component id="oc-88">
         <name>.debug_abbrev</name>
         <load_address>0x1780</load_address>
         <run_address>0x1780</run_address>
         <size>0xbf</size>
         <input_file_ref idref="fl-20"/>
      </object_component>
      <object_component id="oc-8d">
         <name>.debug_abbrev</name>
         <load_address>0x183f</load_address>
         <run_address>0x183f</run_address>
         <size>0x15a</size>
         <input_file_ref idref="fl-21"/>
      </object_component>
      <object_component id="oc-93">
         <name>.debug_abbrev</name>
         <load_address>0x1999</load_address>
         <run_address>0x1999</run_address>
         <size>0xde</size>
         <input_file_ref idref="fl-22"/>
      </object_component>
      <object_component id="oc-97">
         <name>.debug_abbrev</name>
         <load_address>0x1a77</load_address>
         <run_address>0x1a77</run_address>
         <size>0x38</size>
         <input_file_ref idref="fl-23"/>
      </object_component>
      <object_component id="oc-9b">
         <name>.debug_abbrev</name>
         <load_address>0x1aaf</load_address>
         <run_address>0x1aaf</run_address>
         <size>0x26</size>
         <input_file_ref idref="fl-24"/>
      </object_component>
      <object_component id="oc-9f">
         <name>.debug_abbrev</name>
         <load_address>0x1ad5</load_address>
         <run_address>0x1ad5</run_address>
         <size>0x124</size>
         <input_file_ref idref="fl-25"/>
      </object_component>
      <object_component id="oc-a3">
         <name>.debug_abbrev</name>
         <load_address>0x1bf9</load_address>
         <run_address>0x1bf9</run_address>
         <size>0xd1</size>
         <input_file_ref idref="fl-26"/>
      </object_component>
      <object_component id="oc-a9">
         <name>.debug_abbrev</name>
         <load_address>0x1cca</load_address>
         <run_address>0x1cca</run_address>
         <size>0x9f</size>
         <input_file_ref idref="fl-27"/>
      </object_component>
      <object_component id="oc-af">
         <name>.debug_abbrev</name>
         <load_address>0x1d69</load_address>
         <run_address>0x1d69</run_address>
         <size>0x1f8</size>
         <input_file_ref idref="fl-28"/>
      </object_component>
      <object_component id="oc-b3">
         <name>.debug_abbrev</name>
         <load_address>0x1f61</load_address>
         <run_address>0x1f61</run_address>
         <size>0xec</size>
         <input_file_ref idref="fl-29"/>
      </object_component>
      <object_component id="oc-b7">
         <name>.debug_abbrev</name>
         <load_address>0x204d</load_address>
         <run_address>0x204d</run_address>
         <size>0xd5</size>
         <input_file_ref idref="fl-2a"/>
      </object_component>
      <object_component id="oc-bb">
         <name>.debug_abbrev</name>
         <load_address>0x2122</load_address>
         <run_address>0x2122</run_address>
         <size>0x44</size>
         <input_file_ref idref="fl-2b"/>
      </object_component>
      <object_component id="oc-bf">
         <name>.debug_abbrev</name>
         <load_address>0x2166</load_address>
         <run_address>0x2166</run_address>
         <size>0xb7</size>
         <input_file_ref idref="fl-2c"/>
      </object_component>
      <object_component id="oc-c1">
         <name>.debug_abbrev</name>
         <load_address>0x221d</load_address>
         <run_address>0x221d</run_address>
         <size>0x68</size>
         <input_file_ref idref="fl-2d"/>
      </object_component>
      <object_component id="oc-c5">
         <name>.debug_abbrev</name>
         <load_address>0x2285</load_address>
         <run_address>0x2285</run_address>
         <size>0x83</size>
         <input_file_ref idref="fl-2e"/>
      </object_component>
      <object_component id="oc-c9">
         <name>.debug_abbrev</name>
         <load_address>0x2308</load_address>
         <run_address>0x2308</run_address>
         <size>0x112</size>
         <input_file_ref idref="fl-2f"/>
      </object_component>
      <object_component id="oc-cd">
         <name>.debug_abbrev</name>
         <load_address>0x241a</load_address>
         <run_address>0x241a</run_address>
         <size>0x8f</size>
         <input_file_ref idref="fl-30"/>
      </object_component>
      <object_component id="oc-d1">
         <name>.debug_abbrev</name>
         <load_address>0x24a9</load_address>
         <run_address>0x24a9</run_address>
         <size>0xb7</size>
         <input_file_ref idref="fl-31"/>
      </object_component>
      <object_component id="oc-d6">
         <name>.debug_abbrev</name>
         <load_address>0x2560</load_address>
         <run_address>0x2560</run_address>
         <size>0xc2</size>
         <input_file_ref idref="fl-32"/>
      </object_component>
      <object_component id="oc-da">
         <name>.debug_abbrev</name>
         <load_address>0x2622</load_address>
         <run_address>0x2622</run_address>
         <size>0x103</size>
         <input_file_ref idref="fl-33"/>
      </object_component>
      <object_component id="oc-df">
         <name>.debug_abbrev</name>
         <load_address>0x2725</load_address>
         <run_address>0x2725</run_address>
         <size>0x140</size>
         <input_file_ref idref="fl-34"/>
      </object_component>
      <object_component id="oc-e3">
         <name>.debug_abbrev</name>
         <load_address>0x2865</load_address>
         <run_address>0x2865</run_address>
         <size>0x9a</size>
         <input_file_ref idref="fl-35"/>
      </object_component>
      <object_component id="oc-e7">
         <name>.debug_abbrev</name>
         <load_address>0x28ff</load_address>
         <run_address>0x28ff</run_address>
         <size>0xd1</size>
         <input_file_ref idref="fl-36"/>
      </object_component>
      <object_component id="oc-eb">
         <name>.debug_abbrev</name>
         <load_address>0x29d0</load_address>
         <run_address>0x29d0</run_address>
         <size>0xd0</size>
         <input_file_ref idref="fl-37"/>
      </object_component>
      <object_component id="oc-ef">
         <name>.debug_abbrev</name>
         <load_address>0x2aa0</load_address>
         <run_address>0x2aa0</run_address>
         <size>0xb7</size>
         <input_file_ref idref="fl-38"/>
      </object_component>
      <object_component id="oc-f3">
         <name>.debug_abbrev</name>
         <load_address>0x2b57</load_address>
         <run_address>0x2b57</run_address>
         <size>0xec</size>
         <input_file_ref idref="fl-39"/>
      </object_component>
      <object_component id="oc-f7">
         <name>.debug_abbrev</name>
         <load_address>0x2c43</load_address>
         <run_address>0x2c43</run_address>
         <size>0xb7</size>
         <input_file_ref idref="fl-3a"/>
      </object_component>
      <object_component id="oc-fb">
         <name>.debug_abbrev</name>
         <load_address>0x2cfa</load_address>
         <run_address>0x2cfa</run_address>
         <size>0xdc</size>
         <input_file_ref idref="fl-3b"/>
      </object_component>
      <object_component id="oc-ff">
         <name>.debug_abbrev</name>
         <load_address>0x2dd6</load_address>
         <run_address>0x2dd6</run_address>
         <size>0x81</size>
         <input_file_ref idref="fl-3c"/>
      </object_component>
      <object_component id="oc-103">
         <name>.debug_abbrev</name>
         <load_address>0x2e57</load_address>
         <run_address>0x2e57</run_address>
         <size>0xa6</size>
         <input_file_ref idref="fl-3d"/>
      </object_component>
      <object_component id="oc-107">
         <name>.debug_abbrev</name>
         <load_address>0x2efd</load_address>
         <run_address>0x2efd</run_address>
         <size>0xb5</size>
         <input_file_ref idref="fl-3e"/>
      </object_component>
      <object_component id="oc-10b">
         <name>.debug_abbrev</name>
         <load_address>0x2fb2</load_address>
         <run_address>0x2fb2</run_address>
         <size>0x10b</size>
         <input_file_ref idref="fl-3f"/>
      </object_component>
      <object_component id="oc-10f">
         <name>.debug_abbrev</name>
         <load_address>0x30bd</load_address>
         <run_address>0x30bd</run_address>
         <size>0x8f</size>
         <input_file_ref idref="fl-40"/>
      </object_component>
      <object_component id="oc-113">
         <name>.debug_abbrev</name>
         <load_address>0x314c</load_address>
         <run_address>0x314c</run_address>
         <size>0xd4</size>
         <input_file_ref idref="fl-41"/>
      </object_component>
      <object_component id="oc-117">
         <name>.debug_abbrev</name>
         <load_address>0x3220</load_address>
         <run_address>0x3220</run_address>
         <size>0xa6</size>
         <input_file_ref idref="fl-42"/>
      </object_component>
      <object_component id="oc-11b">
         <name>.debug_abbrev</name>
         <load_address>0x32c6</load_address>
         <run_address>0x32c6</run_address>
         <size>0x81</size>
         <input_file_ref idref="fl-43"/>
      </object_component>
      <object_component id="oc-146">
         <name>.debug_abbrev</name>
         <load_address>0x3347</load_address>
         <run_address>0x3347</run_address>
         <size>0xd</size>
      </object_component>
      <object_component id="oc-19">
         <name>.debug_frame</name>
         <load_address>0x0</load_address>
         <run_address>0x0</run_address>
         <size>0x218</size>
         <input_file_ref idref="fl-3"/>
      </object_component>
      <object_component id="oc-21">
         <name>.debug_frame</name>
         <load_address>0x218</load_address>
         <run_address>0x218</run_address>
         <size>0x127</size>
         <input_file_ref idref="fl-4"/>
      </object_component>
      <object_component id="oc-26">
         <name>.debug_frame</name>
         <load_address>0x33f</load_address>
         <run_address>0x33f</run_address>
         <size>0x13f</size>
         <input_file_ref idref="fl-5"/>
      </object_component>
      <object_component id="oc-2d">
         <name>.debug_frame</name>
         <load_address>0x47e</load_address>
         <run_address>0x47e</run_address>
         <size>0x147</size>
         <input_file_ref idref="fl-6"/>
      </object_component>
      <object_component id="oc-32">
         <name>.debug_frame</name>
         <load_address>0x5c5</load_address>
         <run_address>0x5c5</run_address>
         <size>0xf4</size>
         <input_file_ref idref="fl-7"/>
      </object_component>
      <object_component id="oc-37">
         <name>.debug_frame</name>
         <load_address>0x6b9</load_address>
         <run_address>0x6b9</run_address>
         <size>0x13e</size>
         <input_file_ref idref="fl-8"/>
      </object_component>
      <object_component id="oc-3f">
         <name>.debug_frame</name>
         <load_address>0x7f7</load_address>
         <run_address>0x7f7</run_address>
         <size>0xe8</size>
         <input_file_ref idref="fl-9"/>
      </object_component>
      <object_component id="oc-44">
         <name>.debug_frame</name>
         <load_address>0x8df</load_address>
         <run_address>0x8df</run_address>
         <size>0x116</size>
         <input_file_ref idref="fl-12"/>
      </object_component>
      <object_component id="oc-1a">
         <name>.debug_line</name>
         <load_address>0x0</load_address>
         <run_address>0x0</run_address>
         <size>0x199</size>
         <input_file_ref idref="fl-3"/>
      </object_component>
      <object_component id="oc-22">
         <name>.debug_line</name>
         <load_address>0x199</load_address>
         <run_address>0x199</run_address>
         <size>0xc8</size>
         <input_file_ref idref="fl-4"/>
      </object_component>
      <object_component id="oc-27">
         <name>.debug_line</name>
         <load_address>0x261</load_address>
         <run_address>0x261</run_address>
         <size>0xe6</size>
         <input_file_ref idref="fl-5"/>
      </object_component>
      <object_component id="oc-2e">
         <name>.debug_line</name>
         <load_address>0x347</load_address>
         <run_address>0x347</run_address>
         <size>0x108</size>
         <input_file_ref idref="fl-6"/>
      </object_component>
      <object_component id="oc-33">
         <name>.debug_line</name>
         <load_address>0x44f</load_address>
         <run_address>0x44f</run_address>
         <size>0x8f</size>
         <input_file_ref idref="fl-7"/>
      </object_component>
      <object_component id="oc-38">
         <name>.debug_line</name>
         <load_address>0x4de</load_address>
         <run_address>0x4de</run_address>
         <size>0xd8</size>
         <input_file_ref idref="fl-8"/>
      </object_component>
      <object_component id="oc-40">
         <name>.debug_line</name>
         <load_address>0x5b6</load_address>
         <run_address>0x5b6</run_address>
         <size>0xc3</size>
         <input_file_ref idref="fl-9"/>
      </object_component>
      <object_component id="oc-45">
         <name>.debug_line</name>
         <load_address>0x679</load_address>
         <run_address>0x679</run_address>
         <size>0x59c</size>
         <input_file_ref idref="fl-12"/>
      </object_component>
      <object_component id="oc-49">
         <name>.debug_line</name>
         <load_address>0xc15</load_address>
         <run_address>0xc15</run_address>
         <size>0x54</size>
         <input_file_ref idref="fl-13"/>
      </object_component>
      <object_component id="oc-4d">
         <name>.debug_line</name>
         <load_address>0xc69</load_address>
         <run_address>0xc69</run_address>
         <size>0x44</size>
         <input_file_ref idref="fl-14"/>
      </object_component>
      <object_component id="oc-54">
         <name>.debug_line</name>
         <load_address>0xcad</load_address>
         <run_address>0xcad</run_address>
         <size>0x51</size>
         <input_file_ref idref="fl-15"/>
      </object_component>
      <object_component id="oc-58">
         <name>.debug_line</name>
         <load_address>0xcfe</load_address>
         <run_address>0xcfe</run_address>
         <size>0x3d</size>
         <input_file_ref idref="fl-16"/>
      </object_component>
      <object_component id="oc-5c">
         <name>.debug_line</name>
         <load_address>0xd3b</load_address>
         <run_address>0xd3b</run_address>
         <size>0x5b</size>
         <input_file_ref idref="fl-17"/>
      </object_component>
      <object_component id="oc-62">
         <name>.debug_line</name>
         <load_address>0xd96</load_address>
         <run_address>0xd96</run_address>
         <size>0xd7</size>
         <input_file_ref idref="fl-18"/>
      </object_component>
      <object_component id="oc-66">
         <name>.debug_line</name>
         <load_address>0xe6d</load_address>
         <run_address>0xe6d</run_address>
         <size>0x4d</size>
         <input_file_ref idref="fl-19"/>
      </object_component>
      <object_component id="oc-6a">
         <name>.debug_line</name>
         <load_address>0xeba</load_address>
         <run_address>0xeba</run_address>
         <size>0x97</size>
         <input_file_ref idref="fl-1a"/>
      </object_component>
      <object_component id="oc-6e">
         <name>.debug_line</name>
         <load_address>0xf51</load_address>
         <run_address>0xf51</run_address>
         <size>0x3c</size>
         <input_file_ref idref="fl-1b"/>
      </object_component>
      <object_component id="oc-74">
         <name>.debug_line</name>
         <load_address>0xf8d</load_address>
         <run_address>0xf8d</run_address>
         <size>0x1b0</size>
         <input_file_ref idref="fl-1c"/>
      </object_component>
      <object_component id="oc-78">
         <name>.debug_line</name>
         <load_address>0x113d</load_address>
         <run_address>0x113d</run_address>
         <size>0x4d</size>
         <input_file_ref idref="fl-1d"/>
      </object_component>
      <object_component id="oc-7f">
         <name>.debug_line</name>
         <load_address>0x118a</load_address>
         <run_address>0x118a</run_address>
         <size>0x112</size>
         <input_file_ref idref="fl-1e"/>
      </object_component>
      <object_component id="oc-83">
         <name>.debug_line</name>
         <load_address>0x129c</load_address>
         <run_address>0x129c</run_address>
         <size>0x69</size>
         <input_file_ref idref="fl-1f"/>
      </object_component>
      <object_component id="oc-87">
         <name>.debug_line</name>
         <load_address>0x1305</load_address>
         <run_address>0x1305</run_address>
         <size>0x39</size>
         <input_file_ref idref="fl-20"/>
      </object_component>
      <object_component id="oc-8c">
         <name>.debug_line</name>
         <load_address>0x133e</load_address>
         <run_address>0x133e</run_address>
         <size>0x15d</size>
         <input_file_ref idref="fl-21"/>
      </object_component>
      <object_component id="oc-92">
         <name>.debug_line</name>
         <load_address>0x149b</load_address>
         <run_address>0x149b</run_address>
         <size>0x6a</size>
         <input_file_ref idref="fl-22"/>
      </object_component>
      <object_component id="oc-96">
         <name>.debug_line</name>
         <load_address>0x1505</load_address>
         <run_address>0x1505</run_address>
         <size>0x58</size>
         <input_file_ref idref="fl-23"/>
      </object_component>
      <object_component id="oc-9a">
         <name>.debug_line</name>
         <load_address>0x155d</load_address>
         <run_address>0x155d</run_address>
         <size>0x37</size>
         <input_file_ref idref="fl-24"/>
      </object_component>
      <object_component id="oc-9e">
         <name>.debug_line</name>
         <load_address>0x1594</load_address>
         <run_address>0x1594</run_address>
         <size>0x4c</size>
         <input_file_ref idref="fl-25"/>
      </object_component>
      <object_component id="oc-a2">
         <name>.debug_line</name>
         <load_address>0x15e0</load_address>
         <run_address>0x15e0</run_address>
         <size>0x57</size>
         <input_file_ref idref="fl-26"/>
      </object_component>
      <object_component id="oc-a8">
         <name>.debug_line</name>
         <load_address>0x1637</load_address>
         <run_address>0x1637</run_address>
         <size>0x57</size>
         <input_file_ref idref="fl-27"/>
      </object_component>
      <object_component id="oc-ae">
         <name>.debug_line</name>
         <load_address>0x168e</load_address>
         <run_address>0x168e</run_address>
         <size>0x328</size>
         <input_file_ref idref="fl-28"/>
      </object_component>
      <object_component id="oc-b2">
         <name>.debug_line</name>
         <load_address>0x19b6</load_address>
         <run_address>0x19b6</run_address>
         <size>0x41</size>
         <input_file_ref idref="fl-29"/>
      </object_component>
      <object_component id="oc-b6">
         <name>.debug_line</name>
         <load_address>0x19f7</load_address>
         <run_address>0x19f7</run_address>
         <size>0x46</size>
         <input_file_ref idref="fl-2a"/>
      </object_component>
      <object_component id="oc-ba">
         <name>.debug_line</name>
         <load_address>0x1a3d</load_address>
         <run_address>0x1a3d</run_address>
         <size>0x55</size>
         <input_file_ref idref="fl-2b"/>
      </object_component>
      <object_component id="oc-be">
         <name>.debug_line</name>
         <load_address>0x1a92</load_address>
         <run_address>0x1a92</run_address>
         <size>0xad</size>
         <input_file_ref idref="fl-2c"/>
      </object_component>
      <object_component id="oc-c8">
         <name>.debug_line</name>
         <load_address>0x1b3f</load_address>
         <run_address>0x1b3f</run_address>
         <size>0x5b</size>
         <input_file_ref idref="fl-2f"/>
      </object_component>
      <object_component id="oc-cc">
         <name>.debug_line</name>
         <load_address>0x1b9a</load_address>
         <run_address>0x1b9a</run_address>
         <size>0x3d</size>
         <input_file_ref idref="fl-30"/>
      </object_component>
      <object_component id="oc-d0">
         <name>.debug_line</name>
         <load_address>0x1bd7</load_address>
         <run_address>0x1bd7</run_address>
         <size>0x3d</size>
         <input_file_ref idref="fl-31"/>
      </object_component>
      <object_component id="oc-d5">
         <name>.debug_line</name>
         <load_address>0x1c14</load_address>
         <run_address>0x1c14</run_address>
         <size>0x44</size>
         <input_file_ref idref="fl-32"/>
      </object_component>
      <object_component id="oc-d9">
         <name>.debug_line</name>
         <load_address>0x1c58</load_address>
         <run_address>0x1c58</run_address>
         <size>0x56</size>
         <input_file_ref idref="fl-33"/>
      </object_component>
      <object_component id="oc-de">
         <name>.debug_line</name>
         <load_address>0x1cae</load_address>
         <run_address>0x1cae</run_address>
         <size>0xa8</size>
         <input_file_ref idref="fl-34"/>
      </object_component>
      <object_component id="oc-e2">
         <name>.debug_line</name>
         <load_address>0x1d56</load_address>
         <run_address>0x1d56</run_address>
         <size>0x40</size>
         <input_file_ref idref="fl-35"/>
      </object_component>
      <object_component id="oc-e6">
         <name>.debug_line</name>
         <load_address>0x1d96</load_address>
         <run_address>0x1d96</run_address>
         <size>0x3c</size>
         <input_file_ref idref="fl-36"/>
      </object_component>
      <object_component id="oc-ea">
         <name>.debug_line</name>
         <load_address>0x1dd2</load_address>
         <run_address>0x1dd2</run_address>
         <size>0x38</size>
         <input_file_ref idref="fl-37"/>
      </object_component>
      <object_component id="oc-ee">
         <name>.debug_line</name>
         <load_address>0x1e0a</load_address>
         <run_address>0x1e0a</run_address>
         <size>0xa8</size>
         <input_file_ref idref="fl-38"/>
      </object_component>
      <object_component id="oc-f2">
         <name>.debug_line</name>
         <load_address>0x1eb2</load_address>
         <run_address>0x1eb2</run_address>
         <size>0x40</size>
         <input_file_ref idref="fl-39"/>
      </object_component>
      <object_component id="oc-f6">
         <name>.debug_line</name>
         <load_address>0x1ef2</load_address>
         <run_address>0x1ef2</run_address>
         <size>0x3c</size>
         <input_file_ref idref="fl-3a"/>
      </object_component>
      <object_component id="oc-fa">
         <name>.debug_line</name>
         <load_address>0x1f2e</load_address>
         <run_address>0x1f2e</run_address>
         <size>0x3c</size>
         <input_file_ref idref="fl-3b"/>
      </object_component>
      <object_component id="oc-fe">
         <name>.debug_line</name>
         <load_address>0x1f6a</load_address>
         <run_address>0x1f6a</run_address>
         <size>0x37</size>
         <input_file_ref idref="fl-3c"/>
      </object_component>
      <object_component id="oc-102">
         <name>.debug_line</name>
         <load_address>0x1fa1</load_address>
         <run_address>0x1fa1</run_address>
[...]
         <name>_highpass_3kHz_129th_order</name>
         <value>0x51a0</value>
         <object_component_ref idref="oc-3b"/>
      </symbol>
      <symbol id="sm-167">
         <name>_IIR_notch_2kHz_2nd_order</name>
         <value>0x52a2</value>
         <object_component_ref idref="oc-3b"/>
      </symbol>
      <symbol id="sm-168">
         <name>_Dirak</name>
         <value>0x5b8c</value>
         <object_component_ref idref="oc-3b"/>
      </symbol>
      <symbol id="sm-169">
         <name>_highpass_3kHz_77th_order</name>
         <value>0x5106</value>
         <object_component_ref idref="oc-3b"/>
      </symbol>
      <symbol id="sm-16a">
         <name>_IIR_notch_2kHz_6th_order</name>
         <value>0x52c6</value>
         <object_component_ref idref="oc-3b"/>
      </symbol>
      <symbol id="sm-16b">
         <name>_OutputBufferL</name>
         <value>0x5570</value>
         <object_component_ref idref="oc-3b"/>
      </symbol>
      <symbol id="sm-16c">
         <name>_OutputBufferR</name>
         <value>0x5670</value>
         <object_component_ref idref="oc-3b"/>
      </symbol>
      <symbol id="sm-16d">
         <name>_InputBufferL</name>
         <value>0x5370</value>
         <object_component_ref idref="oc-3b"/>
      </symbol>
      <symbol id="sm-16e">
         <name>_InputBufferR</name>
         <value>0x5470</value>
         <object_component_ref idref="oc-3b"/>
      </symbol>
      <symbol id="sm-16f">
         <name>_HistoryBufferX</name>
         <value>0x5974</value>
         <object_component_ref idref="oc-3b"/>
      </symbol>
      <symbol id="sm-170">
         <name>_HistoryBufferY</name>
         <value>0x5980</value>
         <object_component_ref idref="oc-3b"/>
      </symbol>
      <symbol id="sm-171">
         <name>_HistoryBufferR</name>
         <value>0x5872</value>
         <object_component_ref idref="oc-3b"/>
      </symbol>
      <symbol id="sm-172">
         <name>_HistoryBufferL</name>
         <value>0x5770</value>
         <object_component_ref idref="oc-3b"/>
      </symbol>
      <symbol id="sm-173">
         <name>_OutputBufferR_pom</name>
         <value>0x5a8c</value>
         <object_component_ref idref="oc-3b"/>
      </symbol>
      <symbol id="sm-174">
         <name>_OutputBufferL_pom</name>
         <value>0x598c</value>
         <object_component_ref idref="oc-3b"/>
      </symbol>
      <symbol id="sm-182">
         <name>_EZDSP5535_waitusec</name>
         <value>0x24d57</value>
         <object_component_ref idref="oc-42"/>
      </symbol>
      <symbol id="sm-183">
         <name>_EZDSP5535_init</name>
         <value>0x24d69</value>
         <object_component_ref idref="oc-42"/>
      </symbol>
      <symbol id="sm-184">
         <name>_EZDSP5535_wait</name>
         <value>0x24d23</value>
         <object_component_ref idref="oc-42"/>
      </symbol>
      <symbol id="sm-190">
         <name>__sysstack</name>
         <value>0x20c0</value>
         <object_component_ref idref="oc-11c"/>
      </symbol>
      <symbol id="sm-191">
         <name>_c_int00</name>
         <value>0x24f6f</value>
         <object_component_ref idref="oc-10"/>
      </symbol>
      <symbol id="sm-192">
         <name>__stack</name>
         <value>0xc0</value>
         <object_component_ref idref="oc-47"/>
      </symbol>
      <symbol id="sm-19d">
         <name>__divul</name>
         <value>0x247a8</value>
         <object_component_ref idref="oc-4b"/>
      </symbol>
      <symbol id="sm-1ad">
         <name>C$$EXIT</name>
         <value>0x25088</value>
         <object_component_ref idref="oc-53"/>
      </symbol>
      <symbol id="sm-1ae">
         <name>_exit</name>
         <value>0x24f31</value>
         <object_component_ref idref="oc-4f"/>
      </symbol>
      <symbol id="sm-1af">
         <name>_abort</name>
         <value>0x25087</value>
         <object_component_ref idref="oc-53"/>
      </symbol>
      <symbol id="sm-1b0">
         <name>__cleanup_ptr</name>
         <value>0x6970</value>
         <object_component_ref idref="oc-50"/>
      </symbol>
      <symbol id="sm-1b1">
         <name>__dtors_ptr</name>
         <value>0x6974</value>
         <object_component_ref idref="oc-50"/>
      </symbol>
      <symbol id="sm-1bb">
         <name>_fclose</name>
         <value>0x24943</value>
         <object_component_ref idref="oc-56"/>
      </symbol>
      <symbol id="sm-1c5">
         <name>__doflush</name>
         <value>0x244d8</value>
         <object_component_ref idref="oc-5a"/>
      </symbol>
      <symbol id="sm-1c6">
         <name>_fflush</name>
         <value>0x24541</value>
         <object_component_ref idref="oc-5a"/>
      </symbol>
      <symbol id="sm-1d5">
         <name>__cleanup</name>
         <value>0x22f69</value>
         <object_component_ref idref="oc-5e"/>
      </symbol>
      <symbol id="sm-1d6">
         <name>_fopen</name>
         <value>0x2308c</value>
         <object_component_ref idref="oc-5e"/>
      </symbol>
      <symbol id="sm-1d7">
         <name>_freopen</name>
         <value>0x22fc3</value>
         <object_component_ref idref="oc-5e"/>
      </symbol>
      <symbol id="sm-1e1">
         <name>_fread</name>
         <value>0x2412e</value>
         <object_component_ref idref="oc-64"/>
      </symbol>
      <symbol id="sm-1ed">
         <name>_fwrite</name>
         <value>0x237b0</value>
         <object_component_ref idref="oc-68"/>
      </symbol>
      <symbol id="sm-1f5">
         <name>__mpyli</name>
         <value>0x25048</value>
         <object_component_ref idref="oc-6c"/>
      </symbol>
      <symbol id="sm-1f6">
         <name>I$$LMPY</name>
         <value>0x25048</value>
         <object_component_ref idref="oc-6c"/>
      </symbol>
      <symbol id="sm-208">
         <name>_add_device</name>
         <value>0x219f7</value>
         <object_component_ref idref="oc-70"/>
      </symbol>
      <symbol id="sm-209">
         <name>_rename</name>
         <value>0x21719</value>
         <object_component_ref idref="oc-70"/>
      </symbol>
      <symbol id="sm-20a">
         <name>_read</name>
         <value>0x217a8</value>
         <object_component_ref idref="oc-70"/>
      </symbol>
      <symbol id="sm-20b">
         <name>_unlink</name>
         <value>0x216e6</value>
         <object_component_ref idref="oc-70"/>
      </symbol>
      <symbol id="sm-20c">
         <name>_remove_device</name>
         <value>0x21772</value>
         <object_component_ref idref="oc-70"/>
      </symbol>
      <symbol id="sm-20d">
         <name>_open</name>
         <value>0x21856</value>
         <object_component_ref idref="oc-70"/>
      </symbol>
      <symbol id="sm-20e">
         <name>_find_registered_device</name>
         <value>0x2197b</value>
         <object_component_ref idref="oc-70"/>
      </symbol>
      <symbol id="sm-20f">
         <name>_lseek</name>
         <value>0x21915</value>
         <object_component_ref idref="oc-70"/>
      </symbol>
      <symbol id="sm-210">
         <name>_close</name>
         <value>0x21984</value>
         <object_component_ref idref="oc-70"/>
      </symbol>
      <symbol id="sm-211">
         <name>_write</name>
         <value>0x215a4</value>
         <object_component_ref idref="oc-70"/>
      </symbol>
      <symbol id="sm-219">
         <name>_memcpy</name>
         <value>0x24ef2</value>
         <object_component_ref idref="oc-76"/>
      </symbol>
      <symbol id="sm-229">
         <name>__sys_memory</name>
         <value>0x30c0</value>
         <object_component_ref idref="oc-7e"/>
      </symbol>
      <symbol id="sm-22a">
         <name>_chkheap</name>
         <value>0x22496</value>
         <object_component_ref idref="oc-7a"/>
      </symbol>
      <symbol id="sm-22b">
         <name>_realloc</name>
         <value>0x22235</value>
         <object_component_ref idref="oc-7a"/>
      </symbol>
      <symbol id="sm-22c">
         <name>_free_memory</name>
         <value>0x22440</value>
         <object_component_ref idref="oc-7a"/>
      </symbol>
      <symbol id="sm-22d">
         <name>_max_free</name>
         <value>0x223e6</value>
         <object_component_ref idref="oc-7a"/>
      </symbol>
      <symbol id="sm-22e">
         <name>_free</name>
         <value>0x2200f</value>
         <object_component_ref idref="oc-7a"/>
      </symbol>
      <symbol id="sm-22f">
         <name>_calloc</name>
         <value>0x2249e</value>
         <object_component_ref idref="oc-7a"/>
      </symbol>
      <symbol id="sm-230">
         <name>_malloc</name>
         <value>0x22140</value>
         <object_component_ref idref="oc-7a"/>
      </symbol>
      <symbol id="sm-231">
         <name>_minit</name>
         <value>0x220db</value>
         <object_component_ref idref="oc-7a"/>
      </symbol>
      <symbol id="sm-23b">
         <name>_printf</name>
         <value>0x24d77</value>
         <object_component_ref idref="oc-81"/>
      </symbol>
      <symbol id="sm-245">
         <name>_remove</name>
         <value>0x2507d</value>
         <object_component_ref idref="oc-85"/>
      </symbol>
      <symbol id="sm-251">
         <name>_HOSTopen</name>
         <value>0x21df2</value>
         <object_component_ref idref="oc-89"/>
      </symbol>
      <symbol id="sm-252">
         <name>_HOSTread</name>
         <value>0x21d65</value>
         <object_component_ref idref="oc-89"/>
      </symbol>
      <symbol id="sm-253">
         <name>_HOSTtime</name>
         <value>0x21c59</value>
         <object_component_ref idref="oc-89"/>
      </symbol>
      <symbol id="sm-254">
         <name>_getenv</name>
         <value>0x21ae7</value>
         <object_component_ref idref="oc-89"/>
      </symbol>
      <symbol id="sm-255">
         <name>_HOSTrename</name>
         <value>0x21cb7</value>
         <object_component_ref idref="oc-89"/>
      </symbol>
      <symbol id="sm-256">
         <name>_HOSTclock</name>
         <value>0x21fb1</value>
         <object_component_ref idref="oc-89"/>
      </symbol>
      <symbol id="sm-257">
         <name>_HOSTwrite</name>
         <value>0x21b62</value>
         <object_component_ref idref="oc-89"/>
      </symbol>
      <symbol id="sm-258">
         <name>_HOSTlseek</name>
         <value>0x21e91</value>
         <object_component_ref idref="oc-89"/>
      </symbol>
      <symbol id="sm-259">
         <name>_HOSTunlink</name>
         <value>0x21bef</value>
         <object_component_ref idref="oc-89"/>
      </symbol>
      <symbol id="sm-25a">
         <name>_HOSTclose</name>
         <value>0x21f46</value>
         <object_component_ref idref="oc-89"/>
      </symbol>
      <symbol id="sm-26c">
         <name>C$$IO$$</name>
         <value>0x2464f</value>
         <object_component_ref idref="oc-91"/>
      </symbol>
      <symbol id="sm-26d">
         <name>__CIOBUF_</name>
         <value>0x40358</value>
         <object_component_ref idref="oc-90"/>
      </symbol>
      <symbol id="sm-26e">
         <name>_readmsg</name>
         <value>0x24b88</value>
         <object_component_ref idref="oc-8e"/>
      </symbol>
      <symbol id="sm-26f">
         <name>_writemsg</name>
         <value>0x2459a</value>
         <object_component_ref idref="oc-91"/>
      </symbol>
      <symbol id="sm-277">
         <name>__remu</name>
         <value>0x24fe2</value>
         <object_component_ref idref="oc-94"/>
      </symbol>
      <symbol id="sm-278">
         <name>__divu</name>
         <value>0x24fcd</value>
         <object_component_ref idref="oc-94"/>
      </symbol>
      <symbol id="sm-279">
         <name>I$$UMOD</name>
         <value>0x24fe2</value>
         <object_component_ref idref="oc-94"/>
      </symbol>
      <symbol id="sm-27a">
         <name>I$$UDIV</name>
         <value>0x24fcd</value>
         <object_component_ref idref="oc-94"/>
      </symbol>
      <symbol id="sm-284">
         <name>_Reset</name>
         <value>0x4fe00</value>
         <object_component_ref idref="oc-11"/>
      </symbol>
      <symbol id="sm-28e">
         <name>__buff_read</name>
         <value>0x24654</value>
         <object_component_ref idref="oc-9c"/>
      </symbol>
      <symbol id="sm-298">
         <name>__rd_ok</name>
         <value>0x243a3</value>
         <object_component_ref idref="oc-a0"/>
      </symbol>
      <symbol id="sm-299">
         <name>__wrt_ok</name>
         <value>0x24323</value>
         <object_component_ref idref="oc-a0"/>
      </symbol>
      <symbol id="sm-2a7">
         <name>__unlock</name>
         <value>0x696c</value>
         <object_component_ref idref="oc-a5"/>
      </symbol>
      <symbol id="sm-2a8">
         <name>__lock</name>
         <value>0x6968</value>
         <object_component_ref idref="oc-a5"/>
      </symbol>
      <symbol id="sm-2a9">
         <name>__register_lock</name>
         <value>0x25063</value>
         <object_component_ref idref="oc-a4"/>
      </symbol>
      <symbol id="sm-2aa">
         <name>__nop</name>
         <value>0x2506b</value>
         <object_component_ref idref="oc-a4"/>
      </symbol>
      <symbol id="sm-2ab">
         <name>__register_unlock</name>
         <value>0x2505b</value>
         <object_component_ref idref="oc-a4"/>
      </symbol>
      <symbol id="sm-2bd">
         <name>__printfi</name>
         <value>0x21362</value>
         <object_component_ref idref="oc-aa"/>
      </symbol>
      <symbol id="sm-2c7">
         <name>__args_main</name>
         <value>0x24e14</value>
         <object_component_ref idref="oc-b0"/>
      </symbol>
      <symbol id="sm-2c8">
         <name>__TI_args_main</name>
         <value>0x1</value>
      </symbol>
      <symbol id="sm-2d2">
         <name>_atoi</name>
         <value>0x24cc7</value>
         <object_component_ref idref="oc-b4"/>
      </symbol>
      <symbol id="sm-2da">
         <name>_auto_init</name>
         <value>0x24dc7</value>
         <object_component_ref idref="oc-b8"/>
      </symbol>
      <symbol id="sm-2e4">
         <name>__eqld</name>
         <value>0x23afc</value>
         <object_component_ref idref="oc-bc"/>
      </symbol>
      <symbol id="sm-2e5">
         <name>__cmpd</name>
         <value>0x23b30</value>
         <object_component_ref idref="oc-bc"/>
      </symbol>
      <symbol id="sm-2e6">
         <name>__neqd</name>
         <value>0x2399e</value>
         <object_component_ref idref="oc-bc"/>
      </symbol>
      <symbol id="sm-2e7">
         <name>__gtrd</name>
         <value>0x23a67</value>
         <object_component_ref idref="oc-bc"/>
      </symbol>
      <symbol id="sm-2e8">
         <name>__geqd</name>
         <value>0x23ab2</value>
         <object_component_ref idref="oc-bc"/>
      </symbol>
      <symbol id="sm-2e9">
         <name>__leqd</name>
         <value>0x23a1a</value>
         <object_component_ref idref="oc-bc"/>
      </symbol>
      <symbol id="sm-2ea">
         <name>__lssd</name>
         <value>0x239d2</value>
         <object_component_ref idref="oc-bc"/>
      </symbol>
      <symbol id="sm-2f2">
         <name>__ctypes_</name>
         <value>0x6978</value>
         <object_component_ref idref="oc-11d"/>
      </symbol>
      <symbol id="sm-2fc">
         <name>__tmpnams</name>
         <value>0x6580</value>
         <object_component_ref idref="oc-c2"/>
      </symbol>
      <symbol id="sm-2fd">
         <name>__ft_end</name>
         <value>0x66c0</value>
         <object_component_ref idref="oc-c2"/>
      </symbol>
      <symbol id="sm-2fe">
         <name>__ftable</name>
         <value>0x6490</value>
         <object_component_ref idref="oc-c2"/>
      </symbol>
      <symbol id="sm-30a">
         <name>__divd</name>
         <value>0x224c4</value>
         <object_component_ref idref="oc-c6"/>
      </symbol>
      <symbol id="sm-314">
         <name>__fixdi</name>
         <value>0x24fa3</value>
         <object_component_ref idref="oc-ca"/>
      </symbol>
      <symbol id="sm-31e">
         <name>__fixdli</name>
         <value>0x24b19</value>
         <object_component_ref idref="oc-ce"/>
      </symbol>
      <symbol id="sm-32a">
         <name>__fltlid</name>
         <value>0x24c60</value>
         <object_component_ref idref="oc-d2"/>
      </symbol>
      <symbol id="sm-334">
         <name>_putchar</name>
         <value>0x24799</value>
         <object_component_ref idref="oc-d7"/>
      </symbol>
      <symbol id="sm-335">
         <name>_putc</name>
         <value>0x24702</value>
         <object_component_ref idref="oc-d7"/>
      </symbol>
      <symbol id="sm-336">
         <name>_fputc</name>
         <value>0x24702</value>
         <object_component_ref idref="oc-d7"/>
      </symbol>
      <symbol id="sm-344">
         <name>_puts</name>
         <value>0x23e78</value>
         <object_component_ref idref="oc-db"/>
      </symbol>
      <symbol id="sm-345">
         <name>_fputs</name>
         <value>0x23d43</value>
         <object_component_ref idref="oc-db"/>
      </symbol>
      <symbol id="sm-34f">
         <name>__frcmpyd_div</name>
         <value>0x24a34</value>
         <object_component_ref idref="oc-e0"/>
      </symbol>
      <symbol id="sm-359">
         <name>_fseek</name>
         <value>0x24bf5</value>
         <object_component_ref idref="oc-e4"/>
      </symbol>
      <symbol id="sm-363">
         <name>___isinf</name>
         <value>0x2501a</value>
         <object_component_ref idref="oc-e8"/>
      </symbol>
      <symbol id="sm-36d">
         <name>__divull</name>
         <value>0x231fc</value>
         <object_component_ref idref="oc-ec"/>
      </symbol>
      <symbol id="sm-36e">
         <name>__mpylli</name>
         <value>0x23144</value>
         <object_component_ref idref="oc-ec"/>
      </symbol>
      <symbol id="sm-36f">
         <name>__remlli</name>
         <value>0x23115</value>
         <object_component_ref idref="oc-ec"/>
      </symbol>
      <symbol id="sm-370">
         <name>__divlli</name>
         <value>0x232f0</value>
         <object_component_ref idref="oc-ec"/>
      </symbol>
      <symbol id="sm-371">
         <name>__remull</name>
         <value>0x230c7</value>
         <object_component_ref idref="oc-ec"/>
      </symbol>
      <symbol id="sm-37b">
         <name>_ltoa</name>
         <value>0x248c6</value>
         <object_component_ref idref="oc-f0"/>
      </symbol>
      <symbol id="sm-386">
         <name>_memccpy</name>
         <value>0x24ff7</value>
         <object_component_ref idref="oc-f4"/>
      </symbol>
      <symbol id="sm-390">
         <name>__mpyd</name>
         <value>0x23ea6</value>
         <object_component_ref idref="oc-f8"/>
      </symbol>
      <symbol id="sm-39a">
         <name>__negd</name>
         <value>0x2506d</value>
         <object_component_ref idref="oc-fc"/>
      </symbol>
      <symbol id="sm-3a4">
         <name>__remli</name>
         <value>0x24e5f</value>
         <object_component_ref idref="oc-100"/>
      </symbol>
      <symbol id="sm-3af">
         <name>__remul</name>
         <value>0x24aa7</value>
         <object_component_ref idref="oc-104"/>
      </symbol>
      <symbol id="sm-3b9">
         <name>_setvbuf</name>
         <value>0x2423d</value>
         <object_component_ref idref="oc-108"/>
      </symbol>
      <symbol id="sm-3c3">
         <name>__subd</name>
         <value>0x25034</value>
         <object_component_ref idref="oc-10c"/>
      </symbol>
      <symbol id="sm-3cd">
         <name>__addd</name>
         <value>0x23325</value>
         <object_component_ref idref="oc-110"/>
      </symbol>
      <symbol id="sm-3d7">
         <name>__divli</name>
         <value>0x24eaa</value>
         <object_component_ref idref="oc-114"/>
      </symbol>
      <symbol id="sm-3e1">
         <name>__frcmpyd</name>
         <value>0x249be</value>
         <object_component_ref idref="oc-118"/>
      </symbol>
   </symbol_table>
</link_info>
