******************************************************************************
              TMS320C55x Linker PC v4.4.1                      
******************************************************************************
>> Linked Sun Dec 11 00:29:20 2022

OUTPUT FILE NAME:   <w_projekat.out>
ENTRY POINT SYMBOL: "_c_int00"  address: 00024ed6


MEMORY CONFIGURATION

         name            origin    length      used     unused   attr    fill
                        (bytes)   (bytes)    (bytes)   (bytes)
----------------------  --------  ---------  --------  --------  ----  --------
PAGE 0:
  MMR                   00000000   000000c0  00000000  000000c0  RWIX
  DARAM0                000000c0   0000ff40  00006a3c  00009504  RWIX
  SARAM0                00010000   00010000  00000000  00010000  RWIX
  SARAM1                00020000   00020000  00004ff8  0001b008  RWIX
  SARAM2                00040000   0000fe00  000003a2  0000fa5e  RWIX
  VECS                  0004fe00   00000200  00000100  00000100  RWIX
  PDROM                 00ff8000   00008000  00000000  00008000  R IX

PAGE 2:
  IOPORT                00000000   00020000  00000000  00020000  RWI 


SECTION ALLOCATION MAP
(Addresses surrounded by []'s are displayed for convenience only!)

output                                                          attributes/
section   page  orgn(bytes) orgn(words) len(bytes) len(words)   input sections
--------  ----  ----------- ----------- ---------- ----------   --------------
.pinit       0   [ 00040000 ]  00020000          *   00000000   UNINITIALIZED

.stack       0   [ 000000c0 ]  00000060          *   00001000   UNINITIALIZED
                 [ 000000c0 ]  00000060          *   00001000   --HOLE--

.data        0   [ 000000c0 ]  00000060          *   00000000   UNINITIALIZED

.sysstack 
*            0   [ 000020c0 ]  00001060          *   00000800   UNINITIALIZED
                 [ 000020c0 ]  00001060          *   00000800   --HOLE--

.sysmem      0   [ 000030c0 ]  00001860          *   00001000   UNINITIALIZED
                 [ 000030c0 ]  00001860          *   00001000   --HOLE--

.bss.1       0   [ 000050c0 ]  00002860          *   00000a8f   UNINITIALIZED
                 [ 000050c0 ]  00002860          *   00000434   main.obj (.bss)
                 [ 00005928 ]  00002c94          *   00000400   ezdsp5535_aic3204_dma.obj (.bss)
                 [ 00006128 ]  00003094          *   00000119   rts55x.lib : defs.obj (.bss)
                 [ 0000635a ]  000031ad          *   000000d0              : trgdrv.obj (.bss)
                 [ 000064fa ]  0000327d          *   00000001              : fopen.obj (.bss)
                 [ 000064fc ]  0000327e          *   00000071              : lowlev.obj (.bss)

.bss.2       0   [ 000065e0 ]  000032f0          *   0000000b   UNINITIALIZED
                 [ 000065e0 ]  000032f0          *   00000006   rts55x.lib : memory.obj (.bss)
                 [ 000065ec ]  000032f6          *   00000005   aic3204.obj (.bss)

.bss.3       0   [ 000065f8 ]  000032fc          *   0000000c   UNINITIALIZED
                 [ 000065f8 ]  000032fc          *   00000004   aic3204_init.obj (.bss)
                 [ 00006600 ]  00003300          *   00000004   rts55x.lib : _lock.obj (.bss)
                 [ 00006608 ]  00003304          *   00000004              : exit.obj (.bss)

.const.1     0   [ 00006610 ]  00003308          *   00000101   
                 [ 00006610 ]  00003308          *   00000101   rts55x.lib : ctype.obj (.const:__ctypes_)

.const.2     0   [ 00006814 ]  0000340a          *   00000077   
                 [ 00006814 ]  0000340a          *   00000077   aic3204_init.obj (.const:.string)

.const.3     0   [ 00006904 ]  00003482          *   00000051   
                 [ 00006904 ]  00003482          *   00000051   main.obj (.const:.string)

.const.4     0   [ 000069a8 ]  000034d4          *   00000073   
                 [ 000069a8 ]  000034d4          *   0000003a   aic3204.obj (.const:.string)
                 [ 00006a1c ]  0000350e          *   00000039   ezdsp5535_aic3204_dma.obj (.const:.string)

.const.5     0   [ 00006a90 ]  00003548          *   0000003c   
                 [ 00006a90 ]  00003548          *   00000024   rts55x.lib : _printfi.obj (.const:.string)
                 [ 00006ad8 ]  0000356c          *   0000000c              : _printfi.obj (.const)
                 [ 00006af0 ]  00003578          *   00000008              : divd.obj (.const:_initial_approx$1)
                 [ 00006b00 ]  00003580          *   00000002              : fputs.obj (.const:.string)
                 [ 00006b04 ]  00003582          *   00000002              : fltlid.obj (.const)

.text        0     00020000  [ 00010000 ] 00004ff8          *   
                   00020000  [ 00010000 ] 000015a4          *   rts55x.lib : _printfi.obj (.text)
                   000215a4  [ 00010ad2 ] 00000543          *              : lowlev.obj (.text)
                   00021ae7  [ 00010d73+] 00000528          *              : trgdrv.obj (.text)
                   0002200f  [ 00011007+] 000004b5          *              : memory.obj (.text)
                   000224c4  [ 00011262 ] 000003cc          *              : divd.obj (.text)
                   00022890  [ 00011448 ] 000002e0          *   aic3204.obj (.text)
                   00022b70  [ 000115b8 ] 0000027f          *   rts55x.lib : fopen.obj (.text)
                   00022def  [ 000116f7+] 00000269          *   iir.obj (.text)
                   00023058  [ 0001182c ] 0000025e          *   rts55x.lib : llmpy.obj (.text)
                   000232b6  [ 0001195b ] 0000025a          *              : addd.obj (.text)
                   00023510  [ 00011a88 ] 00000207          *   main.obj (.text)
                   00023717  [ 00011b8b+] 000001ee          *   rts55x.lib : fwrite.obj (.text)
                   00023905  [ 00011c82+] 000001ea          *              : cmpd.obj (.text)
                   00023aef  [ 00011d77+] 000001bb          *   ezdsp5535_aic3204_dma.obj (.text)
                   00023caa  [ 00011e55 ] 00000163          *   rts55x.lib : fputs.obj (.text)
                   00023e0d  [ 00011f06+] 0000014c          *              : mpyd.obj (.text)
                   00023f59  [ 00011fac+] 0000013c          *   direct_form_iir.obj (.text)
                   00024095  [ 0001204a+] 0000010f          *   rts55x.lib : fread.obj (.text)
                   000241a4  [ 000120d2 ] 000000e6          *              : setvbuf.obj (.text)
                   0002428a  [ 00012145 ] 000000dd          *              : _io_perm.obj (.text)
                   00024367  [ 000121b3+] 000000d8          *   aic3204_init.obj (.text)
                   0002443f  [ 0001221f+] 000000c2          *   rts55x.lib : fflush.obj (.text)
                   00024501  [ 00012280+] 000000ba          *              : trgmsg.obj (.text:CIO_breakpoint)
                   000245bb  [ 000122dd+] 000000ae          *              : _bufread.obj (.text)
                   00024669  [ 00012334+] 000000a6          *              : fputc.obj (.text)
                   0002470f  [ 00012387+] 000000a1          *              : divul.obj (.text)
                   000247b0  [ 000123d8 ] 0000007d          *   fir.obj (.text)
                   0002482d  [ 00012416+] 0000007d          *   rts55x.lib : ltoa.obj (.text)
                   000248aa  [ 00012455 ] 0000007b          *              : fclose.obj (.text)
                   00024925  [ 00012492+] 00000076          *              : frcmpyd.obj (.text)
                   0002499b  [ 000124cd+] 00000073          *              : frcmpyd_div.obj (.text)
                   00024a0e  [ 00012507 ] 00000072          *              : remul.obj (.text)
                   00024a80  [ 00012540 ] 0000006f          *              : fixdli.obj (.text)
                   00024aef  [ 00012577+] 0000006d          *              : trgmsg.obj (.text)
                   00024b5c  [ 000125ae ] 0000006b          *              : fseek.obj (.text)
                   00024bc7  [ 000125e3+] 00000067          *              : fltlid.obj (.text)
                   00024c2e  [ 00012617 ] 0000005c          *              : atoi.obj (.text)
                   00024c8a  [ 00012645 ] 00000054          *   ezdsp5535bsl.lib : ezdsp5535.obj (.text)
                   00024cde  [ 0001266f ] 00000050          *   rts55x.lib : printf.obj (.text)
                   00024d2e  [ 00012697 ] 0000004d          *              : autoinit.obj (.text)
                   00024d7b  [ 000126bd+] 0000004b          *              : args_main.obj (.text)
                   00024dc6  [ 000126e3 ] 0000004b          *              : remli.obj (.text)
                   00024e11  [ 00012708+] 00000048          *              : divli.obj (.text)
                   00024e59  [ 0001272c+] 0000003f          *              : memcpy.obj (.text)
                   00024e98  [ 0001274c ] 0000003e          *              : exit.obj (.text)
                   00024ed6  [ 0001276b ] 00000034          *              : boot.obj (.text)
                   00024f0a  [ 00012785 ] 0000002a          *              : fixdi.obj (.text)
                   00024f34  [ 0001279a ] 0000002a          *              : udiv.obj (.text)
                   00024f5e  [ 000127af ] 00000023          *              : memccpy.obj (.text)
                   00024f81  [ 000127c0+] 0000001a          *              : isinf.obj (.text)
                   00024f9b  [ 000127cd+] 00000014          *              : subd.obj (.text)
                   00024faf  [ 000127d7+] 00000013          *              : lmpy.obj (.text)
                   00024fc2  [ 000127e1 ] 00000012          *              : _lock.obj (.text)
                   00024fd4  [ 000127ea ] 00000010          *              : negd.obj (.text)
                   00024fe4  [ 000127f2 ] 0000000a          *              : remove.obj (.text)
                   00024fee  [ 000127f7 ] 00000007          *              : exit.obj (.text:CIO_breakpoint)
                   00024ff5  [ 000127fa+] 00000002          *              : vectors.obj (.text)
                   00024ff7  [ 000127fb ] 00000001          *   --HOLE-- [fill = 20]

.cio         0   [ 00040000 ]  00020000          *   00000120   UNINITIALIZED
                 [ 00040000 ]  00020000          *   00000120   rts55x.lib : trgmsg.obj (.cio)

.cinit       0   [ 00040240 ]  00020120          *   000000b1   
                 [ 00040240 ]  00020120          *   0000002f   main.obj (.cinit)
                 [ 0004029e ]  0002014f          *   0000002d   rts55x.lib : lowlev.obj (.cinit)
                 [ 000402f8 ]  0002017c          *   0000002a              : defs.obj (.cinit)
                 [ 0004034c ]  000201a6          *   0000000a   aic3204_init.obj (.cinit)
                 [ 00040360 ]  000201b0          *   0000000a   rts55x.lib : _lock.obj (.cinit)
                 [ 00040374 ]  000201ba          *   0000000a              : exit.obj (.cinit)
                 [ 00040388 ]  000201c4          *   00000004   aic3204.obj (.cinit)
                 [ 00040390 ]  000201c8          *   00000004   rts55x.lib : fopen.obj (.cinit)
                 [ 00040398 ]  000201cc          *   00000004              : memory.obj (.cinit)
                 [ 000403a0 ]  000201d0          *   00000001   --HOLE-- [fill = 0]

vectors      0     0004fe00  [ 00027f00 ] 00000100          *   
                   0004fe00  [ 00027f00 ] 00000100          *   rts55x.lib : vectors.obj (vectors)


GLOBAL SYMBOLS: SORTED ALPHABETICALLY BY Name 

abs. value/
byte addr   word addr   name
---------   ---------   ----
00000002                $TI_capability$C5500$CallingConvention
00000002                $TI_capability$C5500$MemoryModel
00000001                $TI_capability_requires_rev3
ffffffff                .bss
ffffffff                .data
ffffffff                .text
00024fef                C$$EXIT
000245b6                C$$IO$$
00024faf                I$$LMPY
00024f34                I$$UDIV
00024f49                I$$UMOD
            00002c14    _Dirak
00024cd0                _EZDSP5535_init
00024c8a                _EZDSP5535_wait
00024cbe                _EZDSP5535_waitusec
00021fb1                _HOSTclock
00021f46                _HOSTclose
00021e91                _HOSTlseek
00021df2                _HOSTopen
00021d65                _HOSTread
00021cb7                _HOSTrename
00021c59                _HOSTtime
00021bef                _HOSTunlink
00021b62                _HOSTwrite
            00002acc    _HistoryBufferL
            00002aef    _HistoryBufferR
            000028ca    _HistoryBufferX
            00002b12    _HistoryBufferY
            00002883    _IIR_notch_pass_2kHz_2nd_order
            000028cc    _InputBufferL
            0000294c    _InputBufferR
00022fb9                _Nth_order_IIR
            000029cc    _OutputBufferL
            00002b14    _OutputBufferL_pom
            00002a4c    _OutputBufferR
            00002b94    _OutputBufferR_pom
0004fe00                _Reset
            00002c94    _SimulatorInput
            00002e94    _SimulatorOutput
            00020000    __CIOBUF_
            00001060    __STACK_END
00002000                __STACK_SIZE
00002000                __SYSMEM_SIZE
00001000                __SYSSTACK_SIZE
00000001                __TI_args_main
ffffffff                ___binit__
ffffffff                ___bss__
ffffffff                ___c_args__
            00020120    ___cinit__
ffffffff                ___data__
ffffffff                ___edata__
ffffffff                ___end__
ffffffff                ___etext__
00024f81                ___isinf
ffffffff                ___pinit__
ffffffff                ___text__
000232b6                __addd
00024d7b                __args_main
000245bb                __buff_read
00022c91                __cleanup
            00003304    __cleanup_ptr
00023a97                __cmpd
            00003308    __ctypes_
000224c4                __divd
00024e11                __divli
00023281                __divlli
00024f34                __divu
0002470f                __divul
0002318d                __divull
0002443f                __doflush
            00003306    __dtors_ptr
00023a63                __eqld
00024f0a                __fixdi
00024a80                __fixdli
00024bc7                __fltlid
00024925                __frcmpyd
0002499b                __frcmpyd_div
            000031ac    __ft_end
            00003094    __ftable
00023a19                __geqd
000239ce                __gtrd
00023981                __leqd
            00003300    __lock
00023939                __lssd
00023e0d                __mpyd
00024faf                __mpyli
000230d5                __mpylli
00024fd4                __negd
00023905                __neqd
00024fd2                __nop
00021362                __printfi
0002430a                __rd_ok
00024fca                __register_lock
00024fc2                __register_unlock
00024dc6                __remli
000230a6                __remlli
00024f49                __remu
00024a0e                __remul
00023058                __remull
            00000060    __stack
00024f9b                __subd
            00001860    __sys_memory
            00001060    __sysstack
            0000310c    __tmpnams
            00003302    __unlock
0002428a                __wrt_ok
00024fee                _abort
000219f7                _add_device
000228c6                _aic3204_codec_read
0002292d                _aic3204_codec_write
00022892                _aic3204_disable
00023aef                _aic3204_dma_init
            000032fa    _aic3204_enabled
00022890                _aic3204_hardware_init
00024377                _aic3204_init
00023af1                _aic3204_read_block
00022aa9                _aic3204_read_wav_header
00024367                _aic3204_set_input_filename
0002436f                _aic3204_set_output_filename
00023ba8                _aic3204_write_block
00023c3a                _aic3204_write_data
000229f1                _aic3204_write_wav_header
00024c2e                _atoi
00024d2e                _auto_init
00024ed6                _c_int00
0002249e                _calloc
00022496                _chkheap
00021984                _close
00024e98                _exit
000248aa                _fclose
000244a8                _fflush
0002197b                _find_registered_device
000247b0                _fir_basic
000247ef                _fir_circular
00022def                _first_order_IIR
00022db4                _fopen
00022e6c                _fourth_order_IIR
00024669                _fputc
00023caa                _fputs
00024095                _fread
0002200f                _free
00022440                _free_memory
00022ceb                _freopen
00024b5c                _fseek
00023717                _fwrite
00021ae7                _getenv
00022fbb                _halfband
            00002860    _highpass_3kHz_35th_order
00023f59                _iir_basic
00023fe7                _iir_circular
            000032f6    _input_file
00021915                _lseek
0002482d                _ltoa
00023510                _main
00022140                _malloc
000223e6                _max_free
00024f5e                _memccpy
00024e59                _memcpy
000220db                _minit
00021856                _open
            000032f8    _output_file
00024cde                _printf
00024669                _putc
00024700                _putchar
00023ddf                _puts
000217a8                _read
00024aef                _readmsg
00022235                _realloc
00024fe4                _remove
00021772                _remove_device
00021719                _rename
00022e2e                _second_order_IIR
00022fbf                _second_order_IIR_Direct_Form_II_f
0002443b                _set_sampling_frequency_and_gain
000241a4                _setvbuf
000216e6                _unlink
000215a4                _write
00024501                _writemsg
ffffffff                binit
            00020120    cinit
ffffffff                edata
ffffffff                end
ffffffff                etext
ffffffff                pinit


GLOBAL SYMBOLS: SORTED BY Symbol Address 

abs. value/
byte addr   word addr   name
---------   ---------   ----
00000001                $TI_capability_requires_rev3
00000001                __TI_args_main
00000002                $TI_capability$C5500$CallingConvention
00000002                $TI_capability$C5500$MemoryModel
            00000060    __stack
00001000                __SYSSTACK_SIZE
00002000                __STACK_SIZE
00002000                __SYSMEM_SIZE
            00001060    __STACK_END
            00001060    __sysstack
            00001860    __sys_memory
            00002860    _highpass_3kHz_35th_order
            00002883    _IIR_notch_pass_2kHz_2nd_order
            000028ca    _HistoryBufferX
            000028cc    _InputBufferL
            0000294c    _InputBufferR
            000029cc    _OutputBufferL
            00002a4c    _OutputBufferR
            00002acc    _HistoryBufferL
            00002aef    _HistoryBufferR
            00002b12    _HistoryBufferY
            00002b14    _OutputBufferL_pom
            00002b94    _OutputBufferR_pom
            00002c14    _Dirak
            00002c94    _SimulatorInput
            00002e94    _SimulatorOutput
            00003094    __ftable
            0000310c    __tmpnams
            000031ac    __ft_end
            000032f6    _input_file
            000032f8    _output_file
            000032fa    _aic3204_enabled
            00003300    __lock
            00003302    __unlock
            00003304    __cleanup_ptr
            00003306    __dtors_ptr
            00003308    __ctypes_
00021362                __printfi
000215a4                _write
000216e6                _unlink
00021719                _rename
00021772                _remove_device
000217a8                _read
00021856                _open
00021915                _lseek
0002197b                _find_registered_device
00021984                _close
000219f7                _add_device
00021ae7                _getenv
00021b62                _HOSTwrite
00021bef                _HOSTunlink
00021c59                _HOSTtime
00021cb7                _HOSTrename
00021d65                _HOSTread
00021df2                _HOSTopen
00021e91                _HOSTlseek
00021f46                _HOSTclose
00021fb1                _HOSTclock
0002200f                _free
000220db                _minit
00022140                _malloc
00022235                _realloc
000223e6                _max_free
00022440                _free_memory
00022496                _chkheap
0002249e                _calloc
000224c4                __divd
00022890                _aic3204_hardware_init
00022892                _aic3204_disable
000228c6                _aic3204_codec_read
0002292d                _aic3204_codec_write
000229f1                _aic3204_write_wav_header
00022aa9                _aic3204_read_wav_header
00022c91                __cleanup
00022ceb                _freopen
00022db4                _fopen
00022def                _first_order_IIR
00022e2e                _second_order_IIR
00022e6c                _fourth_order_IIR
00022fb9                _Nth_order_IIR
00022fbb                _halfband
00022fbf                _second_order_IIR_Direct_Form_II_f
00023058                __remull
000230a6                __remlli
000230d5                __mpylli
0002318d                __divull
00023281                __divlli
000232b6                __addd
00023510                _main
00023717                _fwrite
00023905                __neqd
00023939                __lssd
00023981                __leqd
000239ce                __gtrd
00023a19                __geqd
00023a63                __eqld
00023a97                __cmpd
00023aef                _aic3204_dma_init
00023af1                _aic3204_read_block
00023ba8                _aic3204_write_block
00023c3a                _aic3204_write_data
00023caa                _fputs
00023ddf                _puts
00023e0d                __mpyd
00023f59                _iir_basic
00023fe7                _iir_circular
00024095                _fread
000241a4                _setvbuf
0002428a                __wrt_ok
0002430a                __rd_ok
00024367                _aic3204_set_input_filename
0002436f                _aic3204_set_output_filename
00024377                _aic3204_init
0002443b                _set_sampling_frequency_and_gain
0002443f                __doflush
000244a8                _fflush
00024501                _writemsg
000245b6                C$$IO$$
000245bb                __buff_read
00024669                _fputc
00024669                _putc
00024700                _putchar
0002470f                __divul
000247b0                _fir_basic
000247ef                _fir_circular
0002482d                _ltoa
000248aa                _fclose
00024925                __frcmpyd
0002499b                __frcmpyd_div
00024a0e                __remul
00024a80                __fixdli
00024aef                _readmsg
00024b5c                _fseek
00024bc7                __fltlid
00024c2e                _atoi
00024c8a                _EZDSP5535_wait
00024cbe                _EZDSP5535_waitusec
00024cd0                _EZDSP5535_init
00024cde                _printf
00024d2e                _auto_init
00024d7b                __args_main
00024dc6                __remli
00024e11                __divli
00024e59                _memcpy
00024e98                _exit
00024ed6                _c_int00
00024f0a                __fixdi
00024f34                I$$UDIV
00024f34                __divu
00024f49                I$$UMOD
00024f49                __remu
00024f5e                _memccpy
00024f81                ___isinf
00024f9b                __subd
00024faf                I$$LMPY
00024faf                __mpyli
00024fc2                __register_unlock
00024fca                __register_lock
00024fd2                __nop
00024fd4                __negd
00024fe4                _remove
00024fee                _abort
00024fef                C$$EXIT
            00020000    __CIOBUF_
            00020120    ___cinit__
            00020120    cinit
0004fe00                _Reset
ffffffff                .bss
ffffffff                .data
ffffffff                .text
ffffffff                ___binit__
ffffffff                ___bss__
ffffffff                ___c_args__
ffffffff                ___data__
ffffffff                ___edata__
ffffffff                ___end__
ffffffff                ___etext__
ffffffff                ___pinit__
ffffffff                ___text__
ffffffff                binit
ffffffff                edata
ffffffff                end
ffffffff                etext
ffffffff                pinit

[184 symbols]
